ARM GAS  C:\Users\Joe\AppData\Local\Temp\ccE1ZGHF.s 			page 1


   1              		.syntax unified
   2              		.cpu cortex-m3
   3              		.fpu softvfp
   4              		.eabi_attribute 20, 1
   5              		.eabi_attribute 21, 1
   6              		.eabi_attribute 23, 3
   7              		.eabi_attribute 24, 1
   8              		.eabi_attribute 25, 1
   9              		.eabi_attribute 26, 1
  10              		.eabi_attribute 30, 1
  11              		.eabi_attribute 34, 1
  12              		.eabi_attribute 18, 4
  13              		.thumb
  14              		.file	"cyfitter_cfg.c"
  15              		.text
  16              	.Ltext0:
  17              		.cfi_sections	.debug_frame
  18              		.section	.text.CyClockStartupError,"ax",%progbits
  19              		.align	2
  20              		.thumb
  21              		.thumb_func
  22              		.type	CyClockStartupError, %function
  23              	CyClockStartupError:
  24              	.LFB3:
  25              		.file 1 ".\\Generated_Source\\PSoC5\\cyfitter_cfg.c"
   1:.\Generated_Source\PSoC5/cyfitter_cfg.c **** /*******************************************************************************
   2:.\Generated_Source\PSoC5/cyfitter_cfg.c **** * File Name: cyfitter_cfg.c
   3:.\Generated_Source\PSoC5/cyfitter_cfg.c **** * 
   4:.\Generated_Source\PSoC5/cyfitter_cfg.c **** * PSoC Creator  3.3 SP1
   5:.\Generated_Source\PSoC5/cyfitter_cfg.c **** *
   6:.\Generated_Source\PSoC5/cyfitter_cfg.c **** * Description:
   7:.\Generated_Source\PSoC5/cyfitter_cfg.c **** * This file contains device initialization code.
   8:.\Generated_Source\PSoC5/cyfitter_cfg.c **** * Except for the user defined sections in CyClockStartupError(), this file should not be modified.
   9:.\Generated_Source\PSoC5/cyfitter_cfg.c **** * This file is automatically generated by PSoC Creator.
  10:.\Generated_Source\PSoC5/cyfitter_cfg.c **** *
  11:.\Generated_Source\PSoC5/cyfitter_cfg.c **** ********************************************************************************
  12:.\Generated_Source\PSoC5/cyfitter_cfg.c **** * Copyright (c) 2007-2015 Cypress Semiconductor.  All rights reserved.
  13:.\Generated_Source\PSoC5/cyfitter_cfg.c **** * You may use this file only in accordance with the license, terms, conditions, 
  14:.\Generated_Source\PSoC5/cyfitter_cfg.c **** * disclaimers, and limitations in the end user license agreement accompanying 
  15:.\Generated_Source\PSoC5/cyfitter_cfg.c **** * the software package with which this file was provided.
  16:.\Generated_Source\PSoC5/cyfitter_cfg.c **** ********************************************************************************/
  17:.\Generated_Source\PSoC5/cyfitter_cfg.c **** 
  18:.\Generated_Source\PSoC5/cyfitter_cfg.c **** #include <string.h>
  19:.\Generated_Source\PSoC5/cyfitter_cfg.c **** #include "cytypes.h"
  20:.\Generated_Source\PSoC5/cyfitter_cfg.c **** #include "cydevice_trm.h"
  21:.\Generated_Source\PSoC5/cyfitter_cfg.c **** #include "cyfitter.h"
  22:.\Generated_Source\PSoC5/cyfitter_cfg.c **** #include "CyLib.h"
  23:.\Generated_Source\PSoC5/cyfitter_cfg.c **** #include "cyfitter_cfg.h"
  24:.\Generated_Source\PSoC5/cyfitter_cfg.c **** 
  25:.\Generated_Source\PSoC5/cyfitter_cfg.c **** #define CY_NEED_CYCLOCKSTARTUPERROR 1
  26:.\Generated_Source\PSoC5/cyfitter_cfg.c **** 
  27:.\Generated_Source\PSoC5/cyfitter_cfg.c **** 
  28:.\Generated_Source\PSoC5/cyfitter_cfg.c **** #if defined(__GNUC__) || defined(__ARMCC_VERSION)
  29:.\Generated_Source\PSoC5/cyfitter_cfg.c ****     #define CYPACKED 
  30:.\Generated_Source\PSoC5/cyfitter_cfg.c ****     #define CYPACKED_ATTR __attribute__ ((packed))
  31:.\Generated_Source\PSoC5/cyfitter_cfg.c ****     #define CYALIGNED __attribute__ ((aligned))
  32:.\Generated_Source\PSoC5/cyfitter_cfg.c ****     #define CY_CFG_UNUSED __attribute__ ((unused))
ARM GAS  C:\Users\Joe\AppData\Local\Temp\ccE1ZGHF.s 			page 2


  33:.\Generated_Source\PSoC5/cyfitter_cfg.c ****     #ifndef CY_CFG_SECTION
  34:.\Generated_Source\PSoC5/cyfitter_cfg.c ****         #define CY_CFG_SECTION __attribute__ ((section(".psocinit")))
  35:.\Generated_Source\PSoC5/cyfitter_cfg.c ****     #endif
  36:.\Generated_Source\PSoC5/cyfitter_cfg.c ****     
  37:.\Generated_Source\PSoC5/cyfitter_cfg.c ****     #if defined(__ARMCC_VERSION)
  38:.\Generated_Source\PSoC5/cyfitter_cfg.c ****         #define CY_CFG_MEMORY_BARRIER() __memory_changed()
  39:.\Generated_Source\PSoC5/cyfitter_cfg.c ****     #else
  40:.\Generated_Source\PSoC5/cyfitter_cfg.c ****         #define CY_CFG_MEMORY_BARRIER() __sync_synchronize()
  41:.\Generated_Source\PSoC5/cyfitter_cfg.c ****     #endif
  42:.\Generated_Source\PSoC5/cyfitter_cfg.c ****     
  43:.\Generated_Source\PSoC5/cyfitter_cfg.c **** #elif defined(__ICCARM__)
  44:.\Generated_Source\PSoC5/cyfitter_cfg.c ****     #include <intrinsics.h>
  45:.\Generated_Source\PSoC5/cyfitter_cfg.c **** 
  46:.\Generated_Source\PSoC5/cyfitter_cfg.c ****     #define CYPACKED __packed
  47:.\Generated_Source\PSoC5/cyfitter_cfg.c ****     #define CYPACKED_ATTR 
  48:.\Generated_Source\PSoC5/cyfitter_cfg.c ****     #define CYALIGNED _Pragma("data_alignment=4")
  49:.\Generated_Source\PSoC5/cyfitter_cfg.c ****     #define CY_CFG_UNUSED _Pragma("diag_suppress=Pe177")
  50:.\Generated_Source\PSoC5/cyfitter_cfg.c ****     #define CY_CFG_SECTION _Pragma("location=\".psocinit\"")
  51:.\Generated_Source\PSoC5/cyfitter_cfg.c ****     
  52:.\Generated_Source\PSoC5/cyfitter_cfg.c ****     #define CY_CFG_MEMORY_BARRIER() __DMB()
  53:.\Generated_Source\PSoC5/cyfitter_cfg.c ****     
  54:.\Generated_Source\PSoC5/cyfitter_cfg.c **** #else
  55:.\Generated_Source\PSoC5/cyfitter_cfg.c ****     #error Unsupported toolchain
  56:.\Generated_Source\PSoC5/cyfitter_cfg.c **** #endif
  57:.\Generated_Source\PSoC5/cyfitter_cfg.c **** 
  58:.\Generated_Source\PSoC5/cyfitter_cfg.c **** 
  59:.\Generated_Source\PSoC5/cyfitter_cfg.c **** CY_CFG_UNUSED
  60:.\Generated_Source\PSoC5/cyfitter_cfg.c **** static void CYMEMZERO(void *s, size_t n);
  61:.\Generated_Source\PSoC5/cyfitter_cfg.c **** CY_CFG_UNUSED
  62:.\Generated_Source\PSoC5/cyfitter_cfg.c **** static void CYMEMZERO(void *s, size_t n)
  63:.\Generated_Source\PSoC5/cyfitter_cfg.c **** {
  64:.\Generated_Source\PSoC5/cyfitter_cfg.c **** 	(void)memset(s, 0, n);
  65:.\Generated_Source\PSoC5/cyfitter_cfg.c **** }
  66:.\Generated_Source\PSoC5/cyfitter_cfg.c **** CY_CFG_UNUSED
  67:.\Generated_Source\PSoC5/cyfitter_cfg.c **** static void CYCONFIGCPY(void *dest, const void *src, size_t n);
  68:.\Generated_Source\PSoC5/cyfitter_cfg.c **** CY_CFG_UNUSED
  69:.\Generated_Source\PSoC5/cyfitter_cfg.c **** static void CYCONFIGCPY(void *dest, const void *src, size_t n)
  70:.\Generated_Source\PSoC5/cyfitter_cfg.c **** {
  71:.\Generated_Source\PSoC5/cyfitter_cfg.c **** 	(void)memcpy(dest, src, n);
  72:.\Generated_Source\PSoC5/cyfitter_cfg.c **** }
  73:.\Generated_Source\PSoC5/cyfitter_cfg.c **** CY_CFG_UNUSED
  74:.\Generated_Source\PSoC5/cyfitter_cfg.c **** static void CYCONFIGCPYCODE(void *dest, const void *src, size_t n);
  75:.\Generated_Source\PSoC5/cyfitter_cfg.c **** CY_CFG_UNUSED
  76:.\Generated_Source\PSoC5/cyfitter_cfg.c **** static void CYCONFIGCPYCODE(void *dest, const void *src, size_t n)
  77:.\Generated_Source\PSoC5/cyfitter_cfg.c **** {
  78:.\Generated_Source\PSoC5/cyfitter_cfg.c **** 	(void)memcpy(dest, src, n);
  79:.\Generated_Source\PSoC5/cyfitter_cfg.c **** }
  80:.\Generated_Source\PSoC5/cyfitter_cfg.c **** 
  81:.\Generated_Source\PSoC5/cyfitter_cfg.c **** 
  82:.\Generated_Source\PSoC5/cyfitter_cfg.c **** 
  83:.\Generated_Source\PSoC5/cyfitter_cfg.c **** /* Clock startup error codes                                                   */
  84:.\Generated_Source\PSoC5/cyfitter_cfg.c **** #define CYCLOCKSTART_NO_ERROR    0u
  85:.\Generated_Source\PSoC5/cyfitter_cfg.c **** #define CYCLOCKSTART_XTAL_ERROR  1u
  86:.\Generated_Source\PSoC5/cyfitter_cfg.c **** #define CYCLOCKSTART_32KHZ_ERROR 2u
  87:.\Generated_Source\PSoC5/cyfitter_cfg.c **** #define CYCLOCKSTART_PLL_ERROR   3u
  88:.\Generated_Source\PSoC5/cyfitter_cfg.c **** 
  89:.\Generated_Source\PSoC5/cyfitter_cfg.c **** #ifdef CY_NEED_CYCLOCKSTARTUPERROR
ARM GAS  C:\Users\Joe\AppData\Local\Temp\ccE1ZGHF.s 			page 3


  90:.\Generated_Source\PSoC5/cyfitter_cfg.c **** /*******************************************************************************
  91:.\Generated_Source\PSoC5/cyfitter_cfg.c **** * Function Name: CyClockStartupError
  92:.\Generated_Source\PSoC5/cyfitter_cfg.c **** ********************************************************************************
  93:.\Generated_Source\PSoC5/cyfitter_cfg.c **** * Summary:
  94:.\Generated_Source\PSoC5/cyfitter_cfg.c **** *  If an error is encountered during clock configuration (crystal startup error,
  95:.\Generated_Source\PSoC5/cyfitter_cfg.c **** *  PLL lock error, etc.), the system will end up here.  Unless reimplemented by
  96:.\Generated_Source\PSoC5/cyfitter_cfg.c **** *  the customer, this function will stop in an infinite loop.
  97:.\Generated_Source\PSoC5/cyfitter_cfg.c **** *
  98:.\Generated_Source\PSoC5/cyfitter_cfg.c **** * Parameters:
  99:.\Generated_Source\PSoC5/cyfitter_cfg.c **** *   void
 100:.\Generated_Source\PSoC5/cyfitter_cfg.c **** *
 101:.\Generated_Source\PSoC5/cyfitter_cfg.c **** * Return:
 102:.\Generated_Source\PSoC5/cyfitter_cfg.c **** *   void
 103:.\Generated_Source\PSoC5/cyfitter_cfg.c **** *
 104:.\Generated_Source\PSoC5/cyfitter_cfg.c **** *******************************************************************************/
 105:.\Generated_Source\PSoC5/cyfitter_cfg.c **** CY_CFG_UNUSED
 106:.\Generated_Source\PSoC5/cyfitter_cfg.c **** static void CyClockStartupError(uint8 errorCode);
 107:.\Generated_Source\PSoC5/cyfitter_cfg.c **** CY_CFG_UNUSED
 108:.\Generated_Source\PSoC5/cyfitter_cfg.c **** static void CyClockStartupError(uint8 errorCode)
 109:.\Generated_Source\PSoC5/cyfitter_cfg.c **** {
  26              		.loc 1 109 0
  27              		.cfi_startproc
  28              		@ Volatile: function does not return.
  29              		@ args = 0, pretend = 0, frame = 0
  30              		@ frame_needed = 0, uses_anonymous_args = 0
  31              		@ link register save eliminated.
  32              	.LVL0:
  33              	.L2:
 110:.\Generated_Source\PSoC5/cyfitter_cfg.c ****     /* To remove the compiler warning if errorCode not used.                */
 111:.\Generated_Source\PSoC5/cyfitter_cfg.c ****     errorCode = errorCode;
 112:.\Generated_Source\PSoC5/cyfitter_cfg.c **** 
 113:.\Generated_Source\PSoC5/cyfitter_cfg.c ****     /* `#START CyClockStartupError` */
 114:.\Generated_Source\PSoC5/cyfitter_cfg.c **** 
 115:.\Generated_Source\PSoC5/cyfitter_cfg.c ****     /* If we have a clock startup error (bad MHz crystal, PLL lock, etc.),  */
 116:.\Generated_Source\PSoC5/cyfitter_cfg.c ****     /* we will end up here to allow the customer to implement something to  */
 117:.\Generated_Source\PSoC5/cyfitter_cfg.c ****     /* deal with the clock condition.                                       */
 118:.\Generated_Source\PSoC5/cyfitter_cfg.c **** 
 119:.\Generated_Source\PSoC5/cyfitter_cfg.c ****     /* `#END` */
 120:.\Generated_Source\PSoC5/cyfitter_cfg.c **** 
 121:.\Generated_Source\PSoC5/cyfitter_cfg.c ****     /* If nothing else, stop here since the clocks have not started         */
 122:.\Generated_Source\PSoC5/cyfitter_cfg.c ****     /* correctly.                                                           */
 123:.\Generated_Source\PSoC5/cyfitter_cfg.c ****     while(1) {}
  34              		.loc 1 123 0 discriminator 1
  35 0000 FEE7     		b	.L2
  36              		.cfi_endproc
  37              	.LFE3:
  38              		.size	CyClockStartupError, .-CyClockStartupError
  39 0002 00BF     		.section	.text.AnalogSetDefault,"ax",%progbits
  40              		.align	2
  41              		.thumb
  42              		.thumb_func
  43              		.type	AnalogSetDefault, %function
  44              	AnalogSetDefault:
  45              	.LFB5:
 124:.\Generated_Source\PSoC5/cyfitter_cfg.c **** }
 125:.\Generated_Source\PSoC5/cyfitter_cfg.c **** #endif
 126:.\Generated_Source\PSoC5/cyfitter_cfg.c **** 
ARM GAS  C:\Users\Joe\AppData\Local\Temp\ccE1ZGHF.s 			page 4


 127:.\Generated_Source\PSoC5/cyfitter_cfg.c **** 
 128:.\Generated_Source\PSoC5/cyfitter_cfg.c **** /*******************************************************************************
 129:.\Generated_Source\PSoC5/cyfitter_cfg.c **** * Function Name: ClockSetup
 130:.\Generated_Source\PSoC5/cyfitter_cfg.c **** ********************************************************************************
 131:.\Generated_Source\PSoC5/cyfitter_cfg.c **** *
 132:.\Generated_Source\PSoC5/cyfitter_cfg.c **** * Summary:
 133:.\Generated_Source\PSoC5/cyfitter_cfg.c **** *  Performs the initialization of all of the clocks in the device based on the
 134:.\Generated_Source\PSoC5/cyfitter_cfg.c **** *  settings in the Clock tab of the DWR.  This includes enabling the requested
 135:.\Generated_Source\PSoC5/cyfitter_cfg.c **** *  clocks and setting the necessary dividers to produce the desired frequency. 
 136:.\Generated_Source\PSoC5/cyfitter_cfg.c **** *
 137:.\Generated_Source\PSoC5/cyfitter_cfg.c **** * Parameters:
 138:.\Generated_Source\PSoC5/cyfitter_cfg.c **** *  void
 139:.\Generated_Source\PSoC5/cyfitter_cfg.c **** *
 140:.\Generated_Source\PSoC5/cyfitter_cfg.c **** * Return:
 141:.\Generated_Source\PSoC5/cyfitter_cfg.c **** *  void
 142:.\Generated_Source\PSoC5/cyfitter_cfg.c **** *
 143:.\Generated_Source\PSoC5/cyfitter_cfg.c **** *******************************************************************************/
 144:.\Generated_Source\PSoC5/cyfitter_cfg.c **** static void ClockSetup(void);
 145:.\Generated_Source\PSoC5/cyfitter_cfg.c **** static void ClockSetup(void)
 146:.\Generated_Source\PSoC5/cyfitter_cfg.c **** {
 147:.\Generated_Source\PSoC5/cyfitter_cfg.c **** 	uint32 timeout;
 148:.\Generated_Source\PSoC5/cyfitter_cfg.c **** 	uint8 pllLock;
 149:.\Generated_Source\PSoC5/cyfitter_cfg.c **** 
 150:.\Generated_Source\PSoC5/cyfitter_cfg.c **** 
 151:.\Generated_Source\PSoC5/cyfitter_cfg.c **** 	/* Configure ILO based on settings from Clock DWR */
 152:.\Generated_Source\PSoC5/cyfitter_cfg.c **** 	CY_SET_XTND_REG8((void CYFAR *)(CYREG_SLOWCLK_ILO_CR0), 0x02u);
 153:.\Generated_Source\PSoC5/cyfitter_cfg.c **** 	CY_SET_XTND_REG8((void CYFAR *)(CYREG_CLKDIST_CR), 0x08u);
 154:.\Generated_Source\PSoC5/cyfitter_cfg.c **** 
 155:.\Generated_Source\PSoC5/cyfitter_cfg.c **** 	/* Configure IMO based on settings from Clock DWR */
 156:.\Generated_Source\PSoC5/cyfitter_cfg.c **** 	CY_SET_XTND_REG8((void CYFAR *)(CYREG_FASTCLK_IMO_CR), 0x03u);
 157:.\Generated_Source\PSoC5/cyfitter_cfg.c **** 	CY_SET_XTND_REG8((void CYFAR *)(CYREG_IMO_TR1), (CY_GET_XTND_REG8((void CYFAR *)CYREG_FLSHID_CUST_
 158:.\Generated_Source\PSoC5/cyfitter_cfg.c **** 
 159:.\Generated_Source\PSoC5/cyfitter_cfg.c **** 	/* Configure PLL based on settings from Clock DWR */
 160:.\Generated_Source\PSoC5/cyfitter_cfg.c **** 	CY_SET_XTND_REG16((void CYFAR *)(CYREG_FASTCLK_PLL_P), 0x0008u);
 161:.\Generated_Source\PSoC5/cyfitter_cfg.c **** 	CY_SET_XTND_REG16((void CYFAR *)(CYREG_FASTCLK_PLL_CFG0), 0x1251u);
 162:.\Generated_Source\PSoC5/cyfitter_cfg.c **** 	/* Wait up to 250us for the PLL to lock */
 163:.\Generated_Source\PSoC5/cyfitter_cfg.c **** 	pllLock = 0u;
 164:.\Generated_Source\PSoC5/cyfitter_cfg.c **** 	for (timeout = 250u / 10u; (timeout > 0u) && (pllLock != 0x03u); timeout--)
 165:.\Generated_Source\PSoC5/cyfitter_cfg.c **** 	{ 
 166:.\Generated_Source\PSoC5/cyfitter_cfg.c **** 		pllLock = 0x03u & ((uint8)((uint8)pllLock << 1) | ((CY_GET_XTND_REG8((void CYFAR *)CYREG_FASTCLK_
 167:.\Generated_Source\PSoC5/cyfitter_cfg.c **** 		CyDelayCycles(10u * 48u); /* Delay 10us based on 48MHz clock */
 168:.\Generated_Source\PSoC5/cyfitter_cfg.c **** 	}
 169:.\Generated_Source\PSoC5/cyfitter_cfg.c **** 	/* If we ran out of time the PLL didn't lock so go to the error function */
 170:.\Generated_Source\PSoC5/cyfitter_cfg.c **** 	if (timeout == 0u)
 171:.\Generated_Source\PSoC5/cyfitter_cfg.c **** 	{
 172:.\Generated_Source\PSoC5/cyfitter_cfg.c **** 		CyClockStartupError(CYCLOCKSTART_PLL_ERROR);
 173:.\Generated_Source\PSoC5/cyfitter_cfg.c **** 	}
 174:.\Generated_Source\PSoC5/cyfitter_cfg.c **** 
 175:.\Generated_Source\PSoC5/cyfitter_cfg.c **** 	/* Configure Bus/Master Clock based on settings from Clock DWR */
 176:.\Generated_Source\PSoC5/cyfitter_cfg.c **** 	CY_SET_XTND_REG16((void CYFAR *)(CYREG_CLKDIST_MSTR0), 0x0100u);
 177:.\Generated_Source\PSoC5/cyfitter_cfg.c **** 	CY_SET_XTND_REG8((void CYFAR *)(CYREG_CLKDIST_MSTR0), 0x07u);
 178:.\Generated_Source\PSoC5/cyfitter_cfg.c **** 	CY_SET_XTND_REG8((void CYFAR *)(CYREG_CLKDIST_BCFG0), 0x00u);
 179:.\Generated_Source\PSoC5/cyfitter_cfg.c **** 	CY_SET_XTND_REG8((void CYFAR *)(CYREG_CLKDIST_BCFG2), 0x48u);
 180:.\Generated_Source\PSoC5/cyfitter_cfg.c **** 	CY_SET_XTND_REG8((void CYFAR *)(CYREG_CLKDIST_MSTR0), 0x00u);
 181:.\Generated_Source\PSoC5/cyfitter_cfg.c **** 	CY_SET_XTND_REG8((void CYFAR *)(CYREG_CLKDIST_LD), 0x02u);
 182:.\Generated_Source\PSoC5/cyfitter_cfg.c **** }
 183:.\Generated_Source\PSoC5/cyfitter_cfg.c **** 
ARM GAS  C:\Users\Joe\AppData\Local\Temp\ccE1ZGHF.s 			page 5


 184:.\Generated_Source\PSoC5/cyfitter_cfg.c **** 
 185:.\Generated_Source\PSoC5/cyfitter_cfg.c **** /* Analog API Functions */
 186:.\Generated_Source\PSoC5/cyfitter_cfg.c **** 
 187:.\Generated_Source\PSoC5/cyfitter_cfg.c **** 
 188:.\Generated_Source\PSoC5/cyfitter_cfg.c **** /*******************************************************************************
 189:.\Generated_Source\PSoC5/cyfitter_cfg.c **** * Function Name: AnalogSetDefault
 190:.\Generated_Source\PSoC5/cyfitter_cfg.c **** ********************************************************************************
 191:.\Generated_Source\PSoC5/cyfitter_cfg.c **** *
 192:.\Generated_Source\PSoC5/cyfitter_cfg.c **** * Summary:
 193:.\Generated_Source\PSoC5/cyfitter_cfg.c **** *  Sets up the analog portions of the chip to default values based on chip
 194:.\Generated_Source\PSoC5/cyfitter_cfg.c **** *  configuration options from the project.
 195:.\Generated_Source\PSoC5/cyfitter_cfg.c **** *
 196:.\Generated_Source\PSoC5/cyfitter_cfg.c **** * Parameters:
 197:.\Generated_Source\PSoC5/cyfitter_cfg.c **** *  void
 198:.\Generated_Source\PSoC5/cyfitter_cfg.c **** *
 199:.\Generated_Source\PSoC5/cyfitter_cfg.c **** * Return:
 200:.\Generated_Source\PSoC5/cyfitter_cfg.c **** *  void
 201:.\Generated_Source\PSoC5/cyfitter_cfg.c **** *
 202:.\Generated_Source\PSoC5/cyfitter_cfg.c **** *******************************************************************************/
 203:.\Generated_Source\PSoC5/cyfitter_cfg.c **** static void AnalogSetDefault(void);
 204:.\Generated_Source\PSoC5/cyfitter_cfg.c **** static void AnalogSetDefault(void)
 205:.\Generated_Source\PSoC5/cyfitter_cfg.c **** {
  46              		.loc 1 205 0
  47              		.cfi_startproc
  48              		@ args = 0, pretend = 0, frame = 0
  49              		@ frame_needed = 0, uses_anonymous_args = 0
  50              		@ link register save eliminated.
 206:.\Generated_Source\PSoC5/cyfitter_cfg.c **** 	uint8 bg_xover_inl_trim = CY_GET_XTND_REG8((void CYFAR *)(CYREG_FLSHID_MFG_CFG_BG_XOVER_INL_TRIM +
  51              		.loc 1 206 0
  52 0000 064B     		ldr	r3, .L4
  53 0002 1B78     		ldrb	r3, [r3]	@ zero_extendqisi2
  54 0004 DBB2     		uxtb	r3, r3
  55              	.LVL1:
 207:.\Generated_Source\PSoC5/cyfitter_cfg.c **** 	CY_SET_XTND_REG8((void CYFAR *)(CYREG_BG_DFT0), (bg_xover_inl_trim & 0x07u));
  56              		.loc 1 207 0
  57 0006 03F00701 		and	r1, r3, #7
  58 000a 054A     		ldr	r2, .L4+4
  59 000c 1170     		strb	r1, [r2]
 208:.\Generated_Source\PSoC5/cyfitter_cfg.c **** 	CY_SET_XTND_REG8((void CYFAR *)(CYREG_BG_DFT1), ((bg_xover_inl_trim >> 4) & 0x0Fu));
  60              		.loc 1 208 0
  61 000e 1B09     		lsrs	r3, r3, #4
  62              	.LVL2:
  63 0010 0132     		adds	r2, r2, #1
  64 0012 1370     		strb	r3, [r2]
 209:.\Generated_Source\PSoC5/cyfitter_cfg.c **** 	CY_SET_XTND_REG8((void CYFAR *)CYREG_PUMP_CR0, 0x44u);
  65              		.loc 1 209 0
  66 0014 4422     		movs	r2, #68
  67 0016 034B     		ldr	r3, .L4+8
  68 0018 1A70     		strb	r2, [r3]
  69 001a 7047     		bx	lr
  70              	.L5:
  71              		.align	2
  72              	.L4:
  73 001c CF010049 		.word	1224737231
  74 0020 6E580040 		.word	1073764462
  75 0024 76580040 		.word	1073764470
  76              		.cfi_endproc
ARM GAS  C:\Users\Joe\AppData\Local\Temp\ccE1ZGHF.s 			page 6


  77              	.LFE5:
  78              		.size	AnalogSetDefault, .-AnalogSetDefault
  79              		.section	.text.CYMEMZERO,"ax",%progbits
  80              		.align	2
  81              		.thumb
  82              		.thumb_func
  83              		.type	CYMEMZERO, %function
  84              	CYMEMZERO:
  85              	.LFB0:
  63:.\Generated_Source\PSoC5/cyfitter_cfg.c **** 	(void)memset(s, 0, n);
  86              		.loc 1 63 0
  87              		.cfi_startproc
  88              		@ args = 0, pretend = 0, frame = 0
  89              		@ frame_needed = 0, uses_anonymous_args = 0
  90              	.LVL3:
  91 0000 08B5     		push	{r3, lr}
  92              		.cfi_def_cfa_offset 8
  93              		.cfi_offset 3, -8
  94              		.cfi_offset 14, -4
  95 0002 0A46     		mov	r2, r1
  64:.\Generated_Source\PSoC5/cyfitter_cfg.c **** }
  96              		.loc 1 64 0
  97 0004 0021     		movs	r1, #0
  98              	.LVL4:
  99 0006 FFF7FEFF 		bl	memset
 100              	.LVL5:
 101 000a 08BD     		pop	{r3, pc}
 102              		.cfi_endproc
 103              	.LFE0:
 104              		.size	CYMEMZERO, .-CYMEMZERO
 105              		.section	.text.ClockSetup,"ax",%progbits
 106              		.align	2
 107              		.thumb
 108              		.thumb_func
 109              		.type	ClockSetup, %function
 110              	ClockSetup:
 111              	.LFB4:
 146:.\Generated_Source\PSoC5/cyfitter_cfg.c **** 	uint32 timeout;
 112              		.loc 1 146 0
 113              		.cfi_startproc
 114              		@ args = 0, pretend = 0, frame = 0
 115              		@ frame_needed = 0, uses_anonymous_args = 0
 116 0000 38B5     		push	{r3, r4, r5, lr}
 117              		.cfi_def_cfa_offset 16
 118              		.cfi_offset 3, -16
 119              		.cfi_offset 4, -12
 120              		.cfi_offset 5, -8
 121              		.cfi_offset 14, -4
 152:.\Generated_Source\PSoC5/cyfitter_cfg.c **** 	CY_SET_XTND_REG8((void CYFAR *)(CYREG_CLKDIST_CR), 0x08u);
 122              		.loc 1 152 0
 123 0002 0222     		movs	r2, #2
 124 0004 1E4B     		ldr	r3, .L14
 125 0006 1A70     		strb	r2, [r3]
 153:.\Generated_Source\PSoC5/cyfitter_cfg.c **** 
 126              		.loc 1 153 0
 127 0008 0822     		movs	r2, #8
 128 000a 4FF04023 		mov	r3, #1073758208
ARM GAS  C:\Users\Joe\AppData\Local\Temp\ccE1ZGHF.s 			page 7


 129 000e 1A70     		strb	r2, [r3]
 156:.\Generated_Source\PSoC5/cyfitter_cfg.c **** 	CY_SET_XTND_REG8((void CYFAR *)(CYREG_IMO_TR1), (CY_GET_XTND_REG8((void CYFAR *)CYREG_FLSHID_CUST_
 130              		.loc 1 156 0
 131 0010 0321     		movs	r1, #3
 132 0012 03F50073 		add	r3, r3, #512
 133 0016 1970     		strb	r1, [r3]
 157:.\Generated_Source\PSoC5/cyfitter_cfg.c **** 
 134              		.loc 1 157 0
 135 0018 1A4B     		ldr	r3, .L14+4
 136 001a 1B78     		ldrb	r3, [r3]	@ zero_extendqisi2
 137 001c DBB2     		uxtb	r3, r3
 138 001e 1A49     		ldr	r1, .L14+8
 139 0020 0B70     		strb	r3, [r1]
 160:.\Generated_Source\PSoC5/cyfitter_cfg.c **** 	CY_SET_XTND_REG16((void CYFAR *)(CYREG_FASTCLK_PLL_CFG0), 0x1251u);
 140              		.loc 1 160 0
 141 0022 1A4B     		ldr	r3, .L14+12
 142 0024 1A80     		strh	r2, [r3]	@ movhi
 161:.\Generated_Source\PSoC5/cyfitter_cfg.c **** 	/* Wait up to 250us for the PLL to lock */
 143              		.loc 1 161 0
 144 0026 41F25122 		movw	r2, #4689
 145 002a 023B     		subs	r3, r3, #2
 146 002c 1A80     		strh	r2, [r3]	@ movhi
 147              	.LVL6:
 163:.\Generated_Source\PSoC5/cyfitter_cfg.c **** 	for (timeout = 250u / 10u; (timeout > 0u) && (pllLock != 0x03u); timeout--)
 148              		.loc 1 163 0
 149 002e 0024     		movs	r4, #0
 164:.\Generated_Source\PSoC5/cyfitter_cfg.c **** 	{ 
 150              		.loc 1 164 0
 151 0030 1925     		movs	r5, #25
 152 0032 0CE0     		b	.L9
 153              	.LVL7:
 154              	.L11:
 166:.\Generated_Source\PSoC5/cyfitter_cfg.c **** 		CyDelayCycles(10u * 48u); /* Delay 10us based on 48MHz clock */
 155              		.loc 1 166 0 discriminator 4
 156 0034 164B     		ldr	r3, .L14+16
 157 0036 1B78     		ldrb	r3, [r3]	@ zero_extendqisi2
 158 0038 03F00103 		and	r3, r3, #1
 159 003c 43EA4404 		orr	r4, r3, r4, lsl #1
 160              	.LVL8:
 161 0040 04F00304 		and	r4, r4, #3
 162              	.LVL9:
 167:.\Generated_Source\PSoC5/cyfitter_cfg.c **** 	}
 163              		.loc 1 167 0 discriminator 4
 164 0044 4FF4F070 		mov	r0, #480
 165 0048 FFF7FEFF 		bl	CyDelayCycles
 166              	.LVL10:
 164:.\Generated_Source\PSoC5/cyfitter_cfg.c **** 	{ 
 167              		.loc 1 164 0 discriminator 4
 168 004c 013D     		subs	r5, r5, #1
 169              	.LVL11:
 170              	.L9:
 164:.\Generated_Source\PSoC5/cyfitter_cfg.c **** 	{ 
 171              		.loc 1 164 0 is_stmt 0 discriminator 1
 172 004e 0DB1     		cbz	r5, .L10
 164:.\Generated_Source\PSoC5/cyfitter_cfg.c **** 	{ 
 173              		.loc 1 164 0 discriminator 3
 174 0050 032C     		cmp	r4, #3
ARM GAS  C:\Users\Joe\AppData\Local\Temp\ccE1ZGHF.s 			page 8


 175 0052 EFD1     		bne	.L11
 176              	.L10:
 170:.\Generated_Source\PSoC5/cyfitter_cfg.c **** 	{
 177              		.loc 1 170 0 is_stmt 1
 178 0054 15B9     		cbnz	r5, .L12
 172:.\Generated_Source\PSoC5/cyfitter_cfg.c **** 	}
 179              		.loc 1 172 0
 180 0056 0320     		movs	r0, #3
 181 0058 FFF7FEFF 		bl	CyClockStartupError
 182              	.LVL12:
 183              	.L12:
 176:.\Generated_Source\PSoC5/cyfitter_cfg.c **** 	CY_SET_XTND_REG8((void CYFAR *)(CYREG_CLKDIST_MSTR0), 0x07u);
 184              		.loc 1 176 0
 185 005c 0D4B     		ldr	r3, .L14+20
 186 005e 4FF48072 		mov	r2, #256
 187 0062 1A80     		strh	r2, [r3]	@ movhi
 177:.\Generated_Source\PSoC5/cyfitter_cfg.c **** 	CY_SET_XTND_REG8((void CYFAR *)(CYREG_CLKDIST_BCFG0), 0x00u);
 188              		.loc 1 177 0
 189 0064 0722     		movs	r2, #7
 190 0066 1A70     		strb	r2, [r3]
 178:.\Generated_Source\PSoC5/cyfitter_cfg.c **** 	CY_SET_XTND_REG8((void CYFAR *)(CYREG_CLKDIST_BCFG2), 0x48u);
 191              		.loc 1 178 0
 192 0068 0022     		movs	r2, #0
 193 006a 0B49     		ldr	r1, .L14+24
 194 006c 0A70     		strb	r2, [r1]
 179:.\Generated_Source\PSoC5/cyfitter_cfg.c **** 	CY_SET_XTND_REG8((void CYFAR *)(CYREG_CLKDIST_MSTR0), 0x00u);
 195              		.loc 1 179 0
 196 006e 4820     		movs	r0, #72
 197 0070 0231     		adds	r1, r1, #2
 198 0072 0870     		strb	r0, [r1]
 180:.\Generated_Source\PSoC5/cyfitter_cfg.c **** 	CY_SET_XTND_REG8((void CYFAR *)(CYREG_CLKDIST_LD), 0x02u);
 199              		.loc 1 180 0
 200 0074 1A70     		strb	r2, [r3]
 181:.\Generated_Source\PSoC5/cyfitter_cfg.c **** }
 201              		.loc 1 181 0
 202 0076 0222     		movs	r2, #2
 203 0078 033B     		subs	r3, r3, #3
 204 007a 1A70     		strb	r2, [r3]
 205 007c 38BD     		pop	{r3, r4, r5, pc}
 206              	.LVL13:
 207              	.L15:
 208 007e 00BF     		.align	2
 209              	.L14:
 210 0080 00430040 		.word	1073758976
 211 0084 08010049 		.word	1224737032
 212 0088 A1460040 		.word	1073759905
 213 008c 22420040 		.word	1073758754
 214 0090 25420040 		.word	1073758757
 215 0094 04400040 		.word	1073758212
 216 0098 06400040 		.word	1073758214
 217              		.cfi_endproc
 218              	.LFE4:
 219              		.size	ClockSetup, .-ClockSetup
 220              		.section	.text.CYCONFIGCPY,"ax",%progbits
 221              		.align	2
 222              		.thumb
 223              		.thumb_func
ARM GAS  C:\Users\Joe\AppData\Local\Temp\ccE1ZGHF.s 			page 9


 224              		.type	CYCONFIGCPY, %function
 225              	CYCONFIGCPY:
 226              	.LFB1:
  70:.\Generated_Source\PSoC5/cyfitter_cfg.c **** 	(void)memcpy(dest, src, n);
 227              		.loc 1 70 0
 228              		.cfi_startproc
 229              		@ args = 0, pretend = 0, frame = 0
 230              		@ frame_needed = 0, uses_anonymous_args = 0
 231              	.LVL14:
 232 0000 08B5     		push	{r3, lr}
 233              		.cfi_def_cfa_offset 8
 234              		.cfi_offset 3, -8
 235              		.cfi_offset 14, -4
  71:.\Generated_Source\PSoC5/cyfitter_cfg.c **** }
 236              		.loc 1 71 0
 237 0002 FFF7FEFF 		bl	memcpy
 238              	.LVL15:
 239 0006 08BD     		pop	{r3, pc}
 240              		.cfi_endproc
 241              	.LFE1:
 242              		.size	CYCONFIGCPY, .-CYCONFIGCPY
 243              		.section	.text.SetAnalogRoutingPumps,"ax",%progbits
 244              		.align	2
 245              		.global	SetAnalogRoutingPumps
 246              		.thumb
 247              		.thumb_func
 248              		.type	SetAnalogRoutingPumps, %function
 249              	SetAnalogRoutingPumps:
 250              	.LFB6:
 210:.\Generated_Source\PSoC5/cyfitter_cfg.c **** }
 211:.\Generated_Source\PSoC5/cyfitter_cfg.c **** 
 212:.\Generated_Source\PSoC5/cyfitter_cfg.c **** 
 213:.\Generated_Source\PSoC5/cyfitter_cfg.c **** /*******************************************************************************
 214:.\Generated_Source\PSoC5/cyfitter_cfg.c **** * Function Name: SetAnalogRoutingPumps
 215:.\Generated_Source\PSoC5/cyfitter_cfg.c **** ********************************************************************************
 216:.\Generated_Source\PSoC5/cyfitter_cfg.c **** *
 217:.\Generated_Source\PSoC5/cyfitter_cfg.c **** * Summary:
 218:.\Generated_Source\PSoC5/cyfitter_cfg.c **** * Enables or disables the analog pumps feeding analog routing switches.
 219:.\Generated_Source\PSoC5/cyfitter_cfg.c **** * Intended to be called at startup, based on the Vdda system configuration;
 220:.\Generated_Source\PSoC5/cyfitter_cfg.c **** * may be called during operation when the user informs us that the Vdda voltage
 221:.\Generated_Source\PSoC5/cyfitter_cfg.c **** * crossed the pump threshold.
 222:.\Generated_Source\PSoC5/cyfitter_cfg.c **** *
 223:.\Generated_Source\PSoC5/cyfitter_cfg.c **** * Parameters:
 224:.\Generated_Source\PSoC5/cyfitter_cfg.c **** *  enabled - 1 to enable the pumps, 0 to disable the pumps
 225:.\Generated_Source\PSoC5/cyfitter_cfg.c **** *
 226:.\Generated_Source\PSoC5/cyfitter_cfg.c **** * Return:
 227:.\Generated_Source\PSoC5/cyfitter_cfg.c **** *  void
 228:.\Generated_Source\PSoC5/cyfitter_cfg.c **** *
 229:.\Generated_Source\PSoC5/cyfitter_cfg.c **** *******************************************************************************/
 230:.\Generated_Source\PSoC5/cyfitter_cfg.c **** void SetAnalogRoutingPumps(uint8 enabled)
 231:.\Generated_Source\PSoC5/cyfitter_cfg.c **** {
 251              		.loc 1 231 0
 252              		.cfi_startproc
 253              		@ args = 0, pretend = 0, frame = 0
 254              		@ frame_needed = 0, uses_anonymous_args = 0
 255              		@ link register save eliminated.
 256              	.LVL16:
ARM GAS  C:\Users\Joe\AppData\Local\Temp\ccE1ZGHF.s 			page 10


 232:.\Generated_Source\PSoC5/cyfitter_cfg.c **** 	uint8 regValue = CY_GET_XTND_REG8((void CYFAR *)CYREG_PUMP_CR0);
 257              		.loc 1 232 0
 258 0000 024A     		ldr	r2, .L19
 259 0002 1378     		ldrb	r3, [r2]	@ zero_extendqisi2
 260 0004 DBB2     		uxtb	r3, r3
 261              	.LVL17:
 233:.\Generated_Source\PSoC5/cyfitter_cfg.c **** 	if (enabled != 0u)
 234:.\Generated_Source\PSoC5/cyfitter_cfg.c **** 	{
 235:.\Generated_Source\PSoC5/cyfitter_cfg.c **** 		regValue |= 0x00u;
 236:.\Generated_Source\PSoC5/cyfitter_cfg.c **** 	}
 237:.\Generated_Source\PSoC5/cyfitter_cfg.c **** 	else
 238:.\Generated_Source\PSoC5/cyfitter_cfg.c **** 	{
 239:.\Generated_Source\PSoC5/cyfitter_cfg.c **** 		regValue &= (uint8)~0x00u;
 240:.\Generated_Source\PSoC5/cyfitter_cfg.c **** 	}
 241:.\Generated_Source\PSoC5/cyfitter_cfg.c **** 	CY_SET_XTND_REG8((void CYFAR *)CYREG_PUMP_CR0, regValue);
 262              		.loc 1 241 0
 263 0006 1370     		strb	r3, [r2]
 264 0008 7047     		bx	lr
 265              	.L20:
 266 000a 00BF     		.align	2
 267              	.L19:
 268 000c 76580040 		.word	1073764470
 269              		.cfi_endproc
 270              	.LFE6:
 271              		.size	SetAnalogRoutingPumps, .-SetAnalogRoutingPumps
 272              		.section	.text.cyfitter_cfg,"ax",%progbits
 273              		.align	2
 274              		.global	cyfitter_cfg
 275              		.thumb
 276              		.thumb_func
 277              		.type	cyfitter_cfg, %function
 278              	cyfitter_cfg:
 279              	.LFB7:
 242:.\Generated_Source\PSoC5/cyfitter_cfg.c **** }
 243:.\Generated_Source\PSoC5/cyfitter_cfg.c **** 
 244:.\Generated_Source\PSoC5/cyfitter_cfg.c **** #define CY_AMUX_UNUSED CYREG_BOOST_SR
 245:.\Generated_Source\PSoC5/cyfitter_cfg.c **** 
 246:.\Generated_Source\PSoC5/cyfitter_cfg.c **** 
 247:.\Generated_Source\PSoC5/cyfitter_cfg.c **** /*******************************************************************************
 248:.\Generated_Source\PSoC5/cyfitter_cfg.c **** * Function Name: cyfitter_cfg
 249:.\Generated_Source\PSoC5/cyfitter_cfg.c **** ********************************************************************************
 250:.\Generated_Source\PSoC5/cyfitter_cfg.c **** * Summary:
 251:.\Generated_Source\PSoC5/cyfitter_cfg.c **** *  This function is called by the start-up code for the selected device. It
 252:.\Generated_Source\PSoC5/cyfitter_cfg.c **** *  performs all of the necessary device configuration based on the design
 253:.\Generated_Source\PSoC5/cyfitter_cfg.c **** *  settings.  This includes settings from the Design Wide Resources (DWR) such
 254:.\Generated_Source\PSoC5/cyfitter_cfg.c **** *  as Clocks and Pins as well as any component configuration that is necessary.
 255:.\Generated_Source\PSoC5/cyfitter_cfg.c **** *
 256:.\Generated_Source\PSoC5/cyfitter_cfg.c **** * Parameters:  
 257:.\Generated_Source\PSoC5/cyfitter_cfg.c **** *   void
 258:.\Generated_Source\PSoC5/cyfitter_cfg.c **** *
 259:.\Generated_Source\PSoC5/cyfitter_cfg.c **** * Return:
 260:.\Generated_Source\PSoC5/cyfitter_cfg.c **** *   void
 261:.\Generated_Source\PSoC5/cyfitter_cfg.c **** *
 262:.\Generated_Source\PSoC5/cyfitter_cfg.c **** *******************************************************************************/
 263:.\Generated_Source\PSoC5/cyfitter_cfg.c **** 
 264:.\Generated_Source\PSoC5/cyfitter_cfg.c **** void cyfitter_cfg(void)
 265:.\Generated_Source\PSoC5/cyfitter_cfg.c **** {
ARM GAS  C:\Users\Joe\AppData\Local\Temp\ccE1ZGHF.s 			page 11


 280              		.loc 1 265 0
 281              		.cfi_startproc
 282              		@ args = 0, pretend = 0, frame = 0
 283              		@ frame_needed = 0, uses_anonymous_args = 0
 284 0000 70B5     		push	{r4, r5, r6, lr}
 285              		.cfi_def_cfa_offset 16
 286              		.cfi_offset 4, -16
 287              		.cfi_offset 5, -12
 288              		.cfi_offset 6, -8
 289              		.cfi_offset 14, -4
 266:.\Generated_Source\PSoC5/cyfitter_cfg.c **** #ifdef CYGlobalIntDisable
 267:.\Generated_Source\PSoC5/cyfitter_cfg.c **** 	/* Disable interrupts by default. Let user enable if/when they want. */
 268:.\Generated_Source\PSoC5/cyfitter_cfg.c **** 	CYGlobalIntDisable
 290              		.loc 1 268 0
 291              	@ 268 ".\Generated_Source\PSoC5\cyfitter_cfg.c" 1
 292 0002 72B6     		CPSID   i
 293              	@ 0 "" 2
 269:.\Generated_Source\PSoC5/cyfitter_cfg.c **** #endif
 270:.\Generated_Source\PSoC5/cyfitter_cfg.c **** 
 271:.\Generated_Source\PSoC5/cyfitter_cfg.c **** 	/* Enable/Disable Debug functionality based on settings from System DWR */
 272:.\Generated_Source\PSoC5/cyfitter_cfg.c **** 	CY_SET_XTND_REG8((void CYFAR *)CYREG_MLOGIC_DEBUG, (CY_GET_XTND_REG8((void CYFAR *)CYREG_MLOGIC_DE
 294              		.loc 1 272 0
 295              		.thumb
 296 0004 204A     		ldr	r2, .L25
 297 0006 1378     		ldrb	r3, [r2]	@ zero_extendqisi2
 298 0008 43F00403 		orr	r3, r3, #4
 299 000c 1370     		strb	r3, [r2]
 300              	.LVL18:
 301              	.LBB2:
 273:.\Generated_Source\PSoC5/cyfitter_cfg.c **** 
 274:.\Generated_Source\PSoC5/cyfitter_cfg.c **** 	{
 275:.\Generated_Source\PSoC5/cyfitter_cfg.c **** 
 276:.\Generated_Source\PSoC5/cyfitter_cfg.c **** 		CYPACKED typedef struct {
 277:.\Generated_Source\PSoC5/cyfitter_cfg.c **** 			void CYFAR *address;
 278:.\Generated_Source\PSoC5/cyfitter_cfg.c **** 			uint16 size;
 279:.\Generated_Source\PSoC5/cyfitter_cfg.c **** 		} CYPACKED_ATTR cfg_memset_t;
 280:.\Generated_Source\PSoC5/cyfitter_cfg.c **** 
 281:.\Generated_Source\PSoC5/cyfitter_cfg.c **** 		static const cfg_memset_t CYCODE cfg_memset_list [] = {
 282:.\Generated_Source\PSoC5/cyfitter_cfg.c **** 			/* address, size */
 283:.\Generated_Source\PSoC5/cyfitter_cfg.c **** 			{(void CYFAR *)(CYREG_PRT0_DR), 112u},
 284:.\Generated_Source\PSoC5/cyfitter_cfg.c **** 			{(void CYFAR *)(CYREG_PRT12_DR), 16u},
 285:.\Generated_Source\PSoC5/cyfitter_cfg.c **** 			{(void CYFAR *)(CYREG_PRT15_DR), 16u},
 286:.\Generated_Source\PSoC5/cyfitter_cfg.c **** 			{(void CYFAR *)(CYDEV_UCFG_B0_P0_U0_BASE), 4096u},
 287:.\Generated_Source\PSoC5/cyfitter_cfg.c **** 			{(void CYFAR *)(CYDEV_UCFG_B1_P2_U0_BASE), 2048u},
 288:.\Generated_Source\PSoC5/cyfitter_cfg.c **** 			{(void CYFAR *)(CYDEV_UCFG_DSI0_BASE), 2560u},
 289:.\Generated_Source\PSoC5/cyfitter_cfg.c **** 			{(void CYFAR *)(CYDEV_UCFG_DSI12_BASE), 512u},
 290:.\Generated_Source\PSoC5/cyfitter_cfg.c **** 			{(void CYFAR *)(CYREG_BCTL0_MDCLK_EN), 32u},
 291:.\Generated_Source\PSoC5/cyfitter_cfg.c **** 		};
 292:.\Generated_Source\PSoC5/cyfitter_cfg.c **** 
 293:.\Generated_Source\PSoC5/cyfitter_cfg.c **** 		uint8 CYDATA i;
 294:.\Generated_Source\PSoC5/cyfitter_cfg.c **** 
 295:.\Generated_Source\PSoC5/cyfitter_cfg.c **** 		/* Zero out critical memory blocks before beginning configuration */
 296:.\Generated_Source\PSoC5/cyfitter_cfg.c **** 		for (i = 0u; i < (sizeof(cfg_memset_list)/sizeof(cfg_memset_list[0])); i++)
 302              		.loc 1 296 0
 303 000e 0024     		movs	r4, #0
 304 0010 0CE0     		b	.L22
 305              	.LVL19:
ARM GAS  C:\Users\Joe\AppData\Local\Temp\ccE1ZGHF.s 			page 12


 306              	.L23:
 307              	.LBB3:
 297:.\Generated_Source\PSoC5/cyfitter_cfg.c **** 		{
 298:.\Generated_Source\PSoC5/cyfitter_cfg.c **** 			const cfg_memset_t CYCODE * CYDATA ms = &cfg_memset_list[i];
 299:.\Generated_Source\PSoC5/cyfitter_cfg.c **** 			CYMEMZERO(ms->address, (size_t)(uint32)(ms->size));
 308              		.loc 1 299 0 discriminator 3
 309 0012 1E49     		ldr	r1, .L25+4
 310 0014 6300     		lsls	r3, r4, #1
 311 0016 1A19     		adds	r2, r3, r4
 312 0018 5200     		lsls	r2, r2, #1
 313 001a 0A44     		add	r2, r2, r1
 314 001c 2344     		add	r3, r3, r4
 315 001e 5B00     		lsls	r3, r3, #1
 316 0020 C858     		ldr	r0, [r1, r3]	@ unaligned
 317 0022 9188     		ldrh	r1, [r2, #4]
 318 0024 FFF7FEFF 		bl	CYMEMZERO
 319              	.LVL20:
 320              	.LBE3:
 296:.\Generated_Source\PSoC5/cyfitter_cfg.c **** 		{
 321              		.loc 1 296 0 discriminator 3
 322 0028 0134     		adds	r4, r4, #1
 323              	.LVL21:
 324 002a E4B2     		uxtb	r4, r4
 325              	.LVL22:
 326              	.L22:
 296:.\Generated_Source\PSoC5/cyfitter_cfg.c **** 		{
 327              		.loc 1 296 0 is_stmt 0 discriminator 1
 328 002c 072C     		cmp	r4, #7
 329 002e F0D9     		bls	.L23
 300:.\Generated_Source\PSoC5/cyfitter_cfg.c **** 		}
 301:.\Generated_Source\PSoC5/cyfitter_cfg.c **** 
 302:.\Generated_Source\PSoC5/cyfitter_cfg.c **** 		/* Enable digital routing */
 303:.\Generated_Source\PSoC5/cyfitter_cfg.c **** 		CY_SET_XTND_REG8((void CYFAR *)CYREG_BCTL0_BANK_CTL, CY_GET_XTND_REG8((void CYFAR *)CYREG_BCTL0_B
 330              		.loc 1 303 0 is_stmt 1
 331 0030 174A     		ldr	r2, .L25+8
 332 0032 1378     		ldrb	r3, [r2]	@ zero_extendqisi2
 333 0034 43F00203 		orr	r3, r3, #2
 334 0038 1370     		strb	r3, [r2]
 304:.\Generated_Source\PSoC5/cyfitter_cfg.c **** 		CY_SET_XTND_REG8((void CYFAR *)CYREG_BCTL1_BANK_CTL, CY_GET_XTND_REG8((void CYFAR *)CYREG_BCTL1_B
 335              		.loc 1 304 0
 336 003a 1032     		adds	r2, r2, #16
 337 003c 1378     		ldrb	r3, [r2]	@ zero_extendqisi2
 338 003e 43F00203 		orr	r3, r3, #2
 339 0042 1370     		strb	r3, [r2]
 305:.\Generated_Source\PSoC5/cyfitter_cfg.c **** 
 306:.\Generated_Source\PSoC5/cyfitter_cfg.c **** 		/* Enable UDB array */
 307:.\Generated_Source\PSoC5/cyfitter_cfg.c **** 		CY_SET_XTND_REG8((void CYFAR *)CYREG_PM_ACT_CFG0, CY_GET_XTND_REG8((void CYFAR *)CYREG_PM_ACT_CFG
 340              		.loc 1 307 0
 341 0044 134C     		ldr	r4, .L25+12
 342              	.LVL23:
 343 0046 2378     		ldrb	r3, [r4]	@ zero_extendqisi2
 344 0048 43F04003 		orr	r3, r3, #64
 345 004c 2370     		strb	r3, [r4]
 308:.\Generated_Source\PSoC5/cyfitter_cfg.c **** 		CY_SET_XTND_REG8((void CYFAR *)CYREG_PM_AVAIL_CR2, CY_GET_XTND_REG8((void CYFAR *)CYREG_PM_AVAIL_
 346              		.loc 1 308 0
 347 004e A2F58632 		sub	r2, r2, #68608
 348 0052 513A     		subs	r2, r2, #81
ARM GAS  C:\Users\Joe\AppData\Local\Temp\ccE1ZGHF.s 			page 13


 349 0054 1378     		ldrb	r3, [r2]	@ zero_extendqisi2
 350 0056 43F01003 		orr	r3, r3, #16
 351 005a 1370     		strb	r3, [r2]
 352              	.LBE2:
 309:.\Generated_Source\PSoC5/cyfitter_cfg.c **** 	}
 310:.\Generated_Source\PSoC5/cyfitter_cfg.c **** 
 311:.\Generated_Source\PSoC5/cyfitter_cfg.c **** 	/* Switch Boost to the precision bandgap reference from its internal reference */
 312:.\Generated_Source\PSoC5/cyfitter_cfg.c **** 	CY_SET_REG8((void CYXDATA *)CYREG_BOOST_CR2, (CY_GET_REG8((void CYXDATA *)CYREG_BOOST_CR2) | 0x08u
 353              		.loc 1 312 0
 354 005c A03A     		subs	r2, r2, #160
 355 005e 1378     		ldrb	r3, [r2]	@ zero_extendqisi2
 356 0060 43F00803 		orr	r3, r3, #8
 357 0064 1370     		strb	r3, [r2]
 313:.\Generated_Source\PSoC5/cyfitter_cfg.c **** 
 314:.\Generated_Source\PSoC5/cyfitter_cfg.c **** 	/* Set Flash Cycles based on max possible frequency in case a glitch occurs during ClockSetup(). *
 315:.\Generated_Source\PSoC5/cyfitter_cfg.c **** 	CY_SET_XTND_REG8((void CYFAR *)(CYREG_CACHE_CC_CTL), (((CYDEV_INSTRUCT_CACHE_ENABLED) != 0) ? 0x01
 358              		.loc 1 315 0
 359 0066 0C4E     		ldr	r6, .L25+16
 360 0068 0125     		movs	r5, #1
 361 006a 3570     		strb	r5, [r6]
 316:.\Generated_Source\PSoC5/cyfitter_cfg.c **** 	/* Setup clocks based on selections from Clock DWR */
 317:.\Generated_Source\PSoC5/cyfitter_cfg.c **** 	ClockSetup();
 362              		.loc 1 317 0
 363 006c FFF7FEFF 		bl	ClockSetup
 364              	.LVL24:
 318:.\Generated_Source\PSoC5/cyfitter_cfg.c **** 	/* Set Flash Cycles based on newly configured 24.00MHz Bus Clock. */
 319:.\Generated_Source\PSoC5/cyfitter_cfg.c **** 	CY_SET_XTND_REG8((void CYFAR *)(CYREG_CACHE_CC_CTL), (((CYDEV_INSTRUCT_CACHE_ENABLED) != 0) ? 0x81
 365              		.loc 1 319 0
 366 0070 8123     		movs	r3, #129
 367 0072 3370     		strb	r3, [r6]
 320:.\Generated_Source\PSoC5/cyfitter_cfg.c **** 	CY_SET_XTND_REG8((void CYFAR *)(CYREG_PANTHER_WAITPIPE), 0x01u);
 368              		.loc 1 320 0
 369 0074 094B     		ldr	r3, .L25+20
 370 0076 1D70     		strb	r5, [r3]
 321:.\Generated_Source\PSoC5/cyfitter_cfg.c **** 
 322:.\Generated_Source\PSoC5/cyfitter_cfg.c **** 	/* Perform basic analog initialization to defaults */
 323:.\Generated_Source\PSoC5/cyfitter_cfg.c **** 	AnalogSetDefault();
 371              		.loc 1 323 0
 372 0078 FFF7FEFF 		bl	AnalogSetDefault
 373              	.LVL25:
 324:.\Generated_Source\PSoC5/cyfitter_cfg.c **** 
 325:.\Generated_Source\PSoC5/cyfitter_cfg.c **** 	/* Configure alternate active mode */
 326:.\Generated_Source\PSoC5/cyfitter_cfg.c **** 	CYCONFIGCPY((void CYFAR *)CYDEV_PM_STBY_BASE, (const void CYFAR *)CYDEV_PM_ACT_BASE, 14u);
 374              		.loc 1 326 0
 375 007c 0848     		ldr	r0, .L25+24
 376 007e 2146     		mov	r1, r4
 377 0080 0E22     		movs	r2, #14
 378 0082 FFF7FEFF 		bl	CYCONFIGCPY
 379              	.LVL26:
 380 0086 70BD     		pop	{r4, r5, r6, pc}
 381              	.L26:
 382              		.align	2
 383              	.L25:
 384 0088 E8460040 		.word	1073759976
 385 008c 00000000 		.word	.LANCHOR0
 386 0090 03500140 		.word	1073827843
 387 0094 A0430040 		.word	1073759136
ARM GAS  C:\Users\Joe\AppData\Local\Temp\ccE1ZGHF.s 			page 14


 388 0098 00480040 		.word	1073760256
 389 009c 04000840 		.word	1074266116
 390 00a0 B0430040 		.word	1073759152
 391              		.cfi_endproc
 392              	.LFE7:
 393              		.size	cyfitter_cfg, .-cyfitter_cfg
 394              		.section	.rodata
 395              		.align	2
 396              		.set	.LANCHOR0,. + 0
 397              		.type	cfg_memset_list.4859, %object
 398              		.size	cfg_memset_list.4859, 48
 399              	cfg_memset_list.4859:
 400 0000 00510040 		.word	1073762560
 401 0004 7000     		.short	112
 402 0006 C0510040 		.4byte	1073762752
 403 000a 1000     		.short	16
 404 000c F0510040 		.word	1073762800
 405 0010 1000     		.short	16
 406 0012 00000140 		.4byte	1073807360
 407 0016 0010     		.short	4096
 408 0018 00140140 		.word	1073812480
 409 001c 0008     		.short	2048
 410 001e 00400140 		.4byte	1073823744
 411 0022 000A     		.short	2560
 412 0024 004C0140 		.word	1073826816
 413 0028 0002     		.short	512
 414 002a 00500140 		.4byte	1073827840
 415 002e 2000     		.short	32
 416              		.text
 417              	.Letext0:
 418              		.file 2 "c:\\program files (x86)\\cypress\\psoc creator\\3.3\\psoc creator\\import\\gnu\\arm\\4.9.
 419              		.file 3 ".\\Generated_Source\\PSoC5\\cytypes.h"
 420              		.file 4 ".\\Generated_Source\\PSoC5\\CyLib.h"
 421              		.section	.debug_info,"",%progbits
 422              	.Ldebug_info0:
 423 0000 89030000 		.4byte	0x389
 424 0004 0400     		.2byte	0x4
 425 0006 00000000 		.4byte	.Ldebug_abbrev0
 426 000a 04       		.byte	0x4
 427 000b 01       		.uleb128 0x1
 428 000c 11010000 		.4byte	.LASF39
 429 0010 01       		.byte	0x1
 430 0011 00020000 		.4byte	.LASF40
 431 0015 39020000 		.4byte	.LASF41
 432 0019 00000000 		.4byte	.Ldebug_ranges0+0
 433 001d 00000000 		.4byte	0
 434 0021 00000000 		.4byte	.Ldebug_line0
 435 0025 02       		.uleb128 0x2
 436 0026 04       		.byte	0x4
 437 0027 05       		.byte	0x5
 438 0028 696E7400 		.ascii	"int\000"
 439 002c 03       		.uleb128 0x3
 440 002d 19000000 		.4byte	.LASF11
 441 0031 02       		.byte	0x2
 442 0032 D4       		.byte	0xd4
 443 0033 37000000 		.4byte	0x37
 444 0037 04       		.uleb128 0x4
ARM GAS  C:\Users\Joe\AppData\Local\Temp\ccE1ZGHF.s 			page 15


 445 0038 04       		.byte	0x4
 446 0039 07       		.byte	0x7
 447 003a 9F010000 		.4byte	.LASF0
 448 003e 04       		.uleb128 0x4
 449 003f 01       		.byte	0x1
 450 0040 06       		.byte	0x6
 451 0041 91020000 		.4byte	.LASF1
 452 0045 04       		.uleb128 0x4
 453 0046 01       		.byte	0x1
 454 0047 08       		.byte	0x8
 455 0048 D0000000 		.4byte	.LASF2
 456 004c 04       		.uleb128 0x4
 457 004d 02       		.byte	0x2
 458 004e 05       		.byte	0x5
 459 004f F6010000 		.4byte	.LASF3
 460 0053 04       		.uleb128 0x4
 461 0054 02       		.byte	0x2
 462 0055 07       		.byte	0x7
 463 0056 54000000 		.4byte	.LASF4
 464 005a 04       		.uleb128 0x4
 465 005b 04       		.byte	0x4
 466 005c 05       		.byte	0x5
 467 005d 30020000 		.4byte	.LASF5
 468 0061 04       		.uleb128 0x4
 469 0062 04       		.byte	0x4
 470 0063 07       		.byte	0x7
 471 0064 98000000 		.4byte	.LASF6
 472 0068 04       		.uleb128 0x4
 473 0069 08       		.byte	0x8
 474 006a 05       		.byte	0x5
 475 006b E1010000 		.4byte	.LASF7
 476 006f 04       		.uleb128 0x4
 477 0070 08       		.byte	0x8
 478 0071 07       		.byte	0x7
 479 0072 B4010000 		.4byte	.LASF8
 480 0076 04       		.uleb128 0x4
 481 0077 04       		.byte	0x4
 482 0078 07       		.byte	0x7
 483 0079 D8010000 		.4byte	.LASF9
 484 007d 05       		.uleb128 0x5
 485 007e 04       		.byte	0x4
 486 007f 04       		.uleb128 0x4
 487 0080 01       		.byte	0x1
 488 0081 08       		.byte	0x8
 489 0082 14000000 		.4byte	.LASF10
 490 0086 06       		.uleb128 0x6
 491 0087 AA000000 		.4byte	.LASF12
 492 008b 03       		.byte	0x3
 493 008c 3801     		.2byte	0x138
 494 008e 45000000 		.4byte	0x45
 495 0092 06       		.uleb128 0x6
 496 0093 F9000000 		.4byte	.LASF13
 497 0097 03       		.byte	0x3
 498 0098 3901     		.2byte	0x139
 499 009a 53000000 		.4byte	0x53
 500 009e 06       		.uleb128 0x6
 501 009f 0A010000 		.4byte	.LASF14
ARM GAS  C:\Users\Joe\AppData\Local\Temp\ccE1ZGHF.s 			page 16


 502 00a3 03       		.byte	0x3
 503 00a4 3A01     		.2byte	0x13a
 504 00a6 61000000 		.4byte	0x61
 505 00aa 04       		.uleb128 0x4
 506 00ab 04       		.byte	0x4
 507 00ac 04       		.byte	0x4
 508 00ad 6F000000 		.4byte	.LASF15
 509 00b1 04       		.uleb128 0x4
 510 00b2 08       		.byte	0x8
 511 00b3 04       		.byte	0x4
 512 00b4 E5000000 		.4byte	.LASF16
 513 00b8 06       		.uleb128 0x6
 514 00b9 93000000 		.4byte	.LASF17
 515 00bd 03       		.byte	0x3
 516 00be E201     		.2byte	0x1e2
 517 00c0 C4000000 		.4byte	0xc4
 518 00c4 07       		.uleb128 0x7
 519 00c5 86000000 		.4byte	0x86
 520 00c9 06       		.uleb128 0x6
 521 00ca 00000000 		.4byte	.LASF18
 522 00ce 03       		.byte	0x3
 523 00cf E301     		.2byte	0x1e3
 524 00d1 D5000000 		.4byte	0xd5
 525 00d5 07       		.uleb128 0x7
 526 00d6 92000000 		.4byte	0x92
 527 00da 08       		.uleb128 0x8
 528 00db 75000000 		.4byte	.LASF19
 529 00df 01       		.byte	0x1
 530 00e0 6C       		.byte	0x6c
 531 00e1 00000000 		.4byte	.LFB3
 532 00e5 02000000 		.4byte	.LFE3-.LFB3
 533 00e9 01       		.uleb128 0x1
 534 00ea 9C       		.byte	0x9c
 535 00eb FD000000 		.4byte	0xfd
 536 00ef 09       		.uleb128 0x9
 537 00f0 00010000 		.4byte	.LASF22
 538 00f4 01       		.byte	0x1
 539 00f5 6C       		.byte	0x6c
 540 00f6 86000000 		.4byte	0x86
 541 00fa 01       		.uleb128 0x1
 542 00fb 50       		.byte	0x50
 543 00fc 00       		.byte	0
 544 00fd 08       		.uleb128 0x8
 545 00fe 20000000 		.4byte	.LASF20
 546 0102 01       		.byte	0x1
 547 0103 CC       		.byte	0xcc
 548 0104 00000000 		.4byte	.LFB5
 549 0108 28000000 		.4byte	.LFE5-.LFB5
 550 010c 01       		.uleb128 0x1
 551 010d 9C       		.byte	0x9c
 552 010e 22010000 		.4byte	0x122
 553 0112 0A       		.uleb128 0xa
 554 0113 7F020000 		.4byte	.LASF24
 555 0117 01       		.byte	0x1
 556 0118 CE       		.byte	0xce
 557 0119 86000000 		.4byte	0x86
 558 011d 00000000 		.4byte	.LLST0
ARM GAS  C:\Users\Joe\AppData\Local\Temp\ccE1ZGHF.s 			page 17


 559 0121 00       		.byte	0
 560 0122 08       		.uleb128 0x8
 561 0123 B0000000 		.4byte	.LASF21
 562 0127 01       		.byte	0x1
 563 0128 3E       		.byte	0x3e
 564 0129 00000000 		.4byte	.LFB0
 565 012d 0C000000 		.4byte	.LFE0-.LFB0
 566 0131 01       		.uleb128 0x1
 567 0132 9C       		.byte	0x9c
 568 0133 6F010000 		.4byte	0x16f
 569 0137 0B       		.uleb128 0xb
 570 0138 7300     		.ascii	"s\000"
 571 013a 01       		.byte	0x1
 572 013b 3E       		.byte	0x3e
 573 013c 7D000000 		.4byte	0x7d
 574 0140 13000000 		.4byte	.LLST1
 575 0144 0B       		.uleb128 0xb
 576 0145 6E00     		.ascii	"n\000"
 577 0147 01       		.byte	0x1
 578 0148 3E       		.byte	0x3e
 579 0149 2C000000 		.4byte	0x2c
 580 014d 34000000 		.4byte	.LLST2
 581 0151 0C       		.uleb128 0xc
 582 0152 0A000000 		.4byte	.LVL5
 583 0156 45030000 		.4byte	0x345
 584 015a 0D       		.uleb128 0xd
 585 015b 01       		.uleb128 0x1
 586 015c 52       		.byte	0x52
 587 015d 03       		.uleb128 0x3
 588 015e F3       		.byte	0xf3
 589 015f 01       		.uleb128 0x1
 590 0160 51       		.byte	0x51
 591 0161 0D       		.uleb128 0xd
 592 0162 01       		.uleb128 0x1
 593 0163 51       		.byte	0x51
 594 0164 01       		.uleb128 0x1
 595 0165 30       		.byte	0x30
 596 0166 0D       		.uleb128 0xd
 597 0167 01       		.uleb128 0x1
 598 0168 50       		.byte	0x50
 599 0169 03       		.uleb128 0x3
 600 016a F3       		.byte	0xf3
 601 016b 01       		.uleb128 0x1
 602 016c 50       		.byte	0x50
 603 016d 00       		.byte	0
 604 016e 00       		.byte	0
 605 016f 08       		.uleb128 0x8
 606 0170 49000000 		.4byte	.LASF23
 607 0174 01       		.byte	0x1
 608 0175 91       		.byte	0x91
 609 0176 00000000 		.4byte	.LFB4
 610 017a 9C000000 		.4byte	.LFE4-.LFB4
 611 017e 01       		.uleb128 0x1
 612 017f 9C       		.byte	0x9c
 613 0180 C7010000 		.4byte	0x1c7
 614 0184 0A       		.uleb128 0xa
 615 0185 31000000 		.4byte	.LASF25
ARM GAS  C:\Users\Joe\AppData\Local\Temp\ccE1ZGHF.s 			page 18


 616 0189 01       		.byte	0x1
 617 018a 93       		.byte	0x93
 618 018b 9E000000 		.4byte	0x9e
 619 018f 60000000 		.4byte	.LLST3
 620 0193 0A       		.uleb128 0xa
 621 0194 67000000 		.4byte	.LASF26
 622 0198 01       		.byte	0x1
 623 0199 94       		.byte	0x94
 624 019a 86000000 		.4byte	0x86
 625 019e 7F000000 		.4byte	.LLST4
 626 01a2 0E       		.uleb128 0xe
 627 01a3 4C000000 		.4byte	.LVL10
 628 01a7 62030000 		.4byte	0x362
 629 01ab B7010000 		.4byte	0x1b7
 630 01af 0D       		.uleb128 0xd
 631 01b0 01       		.uleb128 0x1
 632 01b1 50       		.byte	0x50
 633 01b2 03       		.uleb128 0x3
 634 01b3 0A       		.byte	0xa
 635 01b4 E001     		.2byte	0x1e0
 636 01b6 00       		.byte	0
 637 01b7 0C       		.uleb128 0xc
 638 01b8 5C000000 		.4byte	.LVL12
 639 01bc DA000000 		.4byte	0xda
 640 01c0 0D       		.uleb128 0xd
 641 01c1 01       		.uleb128 0x1
 642 01c2 50       		.byte	0x50
 643 01c3 01       		.uleb128 0x1
 644 01c4 33       		.byte	0x33
 645 01c5 00       		.byte	0
 646 01c6 00       		.byte	0
 647 01c7 08       		.uleb128 0x8
 648 01c8 A6020000 		.4byte	.LASF27
 649 01cc 01       		.byte	0x1
 650 01cd 45       		.byte	0x45
 651 01ce 00000000 		.4byte	.LFB1
 652 01d2 08000000 		.4byte	.LFE1-.LFB1
 653 01d6 01       		.uleb128 0x1
 654 01d7 9C       		.byte	0x9c
 655 01d8 27020000 		.4byte	0x227
 656 01dc 0F       		.uleb128 0xf
 657 01dd 89000000 		.4byte	.LASF28
 658 01e1 01       		.byte	0x1
 659 01e2 45       		.byte	0x45
 660 01e3 7D000000 		.4byte	0x7d
 661 01e7 A9000000 		.4byte	.LLST5
 662 01eb 0B       		.uleb128 0xb
 663 01ec 73726300 		.ascii	"src\000"
 664 01f0 01       		.byte	0x1
 665 01f1 45       		.byte	0x45
 666 01f2 27020000 		.4byte	0x227
 667 01f6 CA000000 		.4byte	.LLST6
 668 01fa 0B       		.uleb128 0xb
 669 01fb 6E00     		.ascii	"n\000"
 670 01fd 01       		.byte	0x1
 671 01fe 45       		.byte	0x45
 672 01ff 2C000000 		.4byte	0x2c
ARM GAS  C:\Users\Joe\AppData\Local\Temp\ccE1ZGHF.s 			page 19


 673 0203 EB000000 		.4byte	.LLST7
 674 0207 0C       		.uleb128 0xc
 675 0208 06000000 		.4byte	.LVL15
 676 020c 73030000 		.4byte	0x373
 677 0210 0D       		.uleb128 0xd
 678 0211 01       		.uleb128 0x1
 679 0212 52       		.byte	0x52
 680 0213 03       		.uleb128 0x3
 681 0214 F3       		.byte	0xf3
 682 0215 01       		.uleb128 0x1
 683 0216 52       		.byte	0x52
 684 0217 0D       		.uleb128 0xd
 685 0218 01       		.uleb128 0x1
 686 0219 51       		.byte	0x51
 687 021a 03       		.uleb128 0x3
 688 021b F3       		.byte	0xf3
 689 021c 01       		.uleb128 0x1
 690 021d 51       		.byte	0x51
 691 021e 0D       		.uleb128 0xd
 692 021f 01       		.uleb128 0x1
 693 0220 50       		.byte	0x50
 694 0221 03       		.uleb128 0x3
 695 0222 F3       		.byte	0xf3
 696 0223 01       		.uleb128 0x1
 697 0224 50       		.byte	0x50
 698 0225 00       		.byte	0
 699 0226 00       		.byte	0
 700 0227 10       		.uleb128 0x10
 701 0228 04       		.byte	0x4
 702 0229 2D020000 		.4byte	0x22d
 703 022d 11       		.uleb128 0x11
 704 022e 12       		.uleb128 0x12
 705 022f BA000000 		.4byte	.LASF31
 706 0233 01       		.byte	0x1
 707 0234 E6       		.byte	0xe6
 708 0235 00000000 		.4byte	.LFB6
 709 0239 10000000 		.4byte	.LFE6-.LFB6
 710 023d 01       		.uleb128 0x1
 711 023e 9C       		.byte	0x9c
 712 023f 5E020000 		.4byte	0x25e
 713 0243 09       		.uleb128 0x9
 714 0244 28020000 		.4byte	.LASF29
 715 0248 01       		.byte	0x1
 716 0249 E6       		.byte	0xe6
 717 024a 86000000 		.4byte	0x86
 718 024e 01       		.uleb128 0x1
 719 024f 50       		.byte	0x50
 720 0250 13       		.uleb128 0x13
 721 0251 9D020000 		.4byte	.LASF30
 722 0255 01       		.byte	0x1
 723 0256 E8       		.byte	0xe8
 724 0257 86000000 		.4byte	0x86
 725 025b 01       		.uleb128 0x1
 726 025c 53       		.byte	0x53
 727 025d 00       		.byte	0
 728 025e 14       		.uleb128 0x14
 729 025f EC000000 		.4byte	.LASF32
ARM GAS  C:\Users\Joe\AppData\Local\Temp\ccE1ZGHF.s 			page 20


 730 0263 01       		.byte	0x1
 731 0264 0801     		.2byte	0x108
 732 0266 00000000 		.4byte	.LFB7
 733 026a A4000000 		.4byte	.LFE7-.LFB7
 734 026e 01       		.uleb128 0x1
 735 026f 9C       		.byte	0x9c
 736 0270 45030000 		.4byte	0x345
 737 0274 15       		.uleb128 0x15
 738 0275 0E000000 		.4byte	.LBB2
 739 0279 4E000000 		.4byte	.LBE2-.LBB2
 740 027d 14030000 		.4byte	0x314
 741 0281 16       		.uleb128 0x16
 742 0282 06       		.byte	0x6
 743 0283 01       		.byte	0x1
 744 0284 1401     		.2byte	0x114
 745 0286 A5020000 		.4byte	0x2a5
 746 028a 17       		.uleb128 0x17
 747 028b AC010000 		.4byte	.LASF33
 748 028f 01       		.byte	0x1
 749 0290 1501     		.2byte	0x115
 750 0292 7D000000 		.4byte	0x7d
 751 0296 00       		.byte	0
 752 0297 17       		.uleb128 0x17
 753 0298 8E000000 		.4byte	.LASF34
 754 029c 01       		.byte	0x1
 755 029d 1601     		.2byte	0x116
 756 029f 92000000 		.4byte	0x92
 757 02a3 04       		.byte	0x4
 758 02a4 00       		.byte	0
 759 02a5 06       		.uleb128 0x6
 760 02a6 CB010000 		.4byte	.LASF35
 761 02aa 01       		.byte	0x1
 762 02ab 1701     		.2byte	0x117
 763 02ad 81020000 		.4byte	0x281
 764 02b1 18       		.uleb128 0x18
 765 02b2 A5020000 		.4byte	0x2a5
 766 02b6 C1020000 		.4byte	0x2c1
 767 02ba 19       		.uleb128 0x19
 768 02bb 76000000 		.4byte	0x76
 769 02bf 07       		.byte	0x7
 770 02c0 00       		.byte	0
 771 02c1 1A       		.uleb128 0x1a
 772 02c2 39000000 		.4byte	.LASF36
 773 02c6 01       		.byte	0x1
 774 02c7 1901     		.2byte	0x119
 775 02c9 D3020000 		.4byte	0x2d3
 776 02cd 05       		.uleb128 0x5
 777 02ce 03       		.byte	0x3
 778 02cf 00000000 		.4byte	cfg_memset_list.4859
 779 02d3 1B       		.uleb128 0x1b
 780 02d4 B1020000 		.4byte	0x2b1
 781 02d8 1C       		.uleb128 0x1c
 782 02d9 6900     		.ascii	"i\000"
 783 02db 01       		.byte	0x1
 784 02dc 2501     		.2byte	0x125
 785 02de 86000000 		.4byte	0x86
 786 02e2 0C010000 		.4byte	.LLST8
ARM GAS  C:\Users\Joe\AppData\Local\Temp\ccE1ZGHF.s 			page 21


 787 02e6 1D       		.uleb128 0x1d
 788 02e7 12000000 		.4byte	.LBB3
 789 02eb 16000000 		.4byte	.LBE3-.LBB3
 790 02ef 1C       		.uleb128 0x1c
 791 02f0 6D7300   		.ascii	"ms\000"
 792 02f3 01       		.byte	0x1
 793 02f4 2A01     		.2byte	0x12a
 794 02f6 FE020000 		.4byte	0x2fe
 795 02fa 36010000 		.4byte	.LLST9
 796 02fe 10       		.uleb128 0x10
 797 02ff 04       		.byte	0x4
 798 0300 04030000 		.4byte	0x304
 799 0304 1B       		.uleb128 0x1b
 800 0305 A5020000 		.4byte	0x2a5
 801 0309 1E       		.uleb128 0x1e
 802 030a 28000000 		.4byte	.LVL20
 803 030e 22010000 		.4byte	0x122
 804 0312 00       		.byte	0
 805 0313 00       		.byte	0
 806 0314 1E       		.uleb128 0x1e
 807 0315 70000000 		.4byte	.LVL24
 808 0319 6F010000 		.4byte	0x16f
 809 031d 1E       		.uleb128 0x1e
 810 031e 7C000000 		.4byte	.LVL25
 811 0322 FD000000 		.4byte	0xfd
 812 0326 0C       		.uleb128 0xc
 813 0327 86000000 		.4byte	.LVL26
 814 032b C7010000 		.4byte	0x1c7
 815 032f 0D       		.uleb128 0xd
 816 0330 01       		.uleb128 0x1
 817 0331 52       		.byte	0x52
 818 0332 01       		.uleb128 0x1
 819 0333 3E       		.byte	0x3e
 820 0334 0D       		.uleb128 0xd
 821 0335 01       		.uleb128 0x1
 822 0336 51       		.byte	0x51
 823 0337 02       		.uleb128 0x2
 824 0338 74       		.byte	0x74
 825 0339 00       		.sleb128 0
 826 033a 0D       		.uleb128 0xd
 827 033b 01       		.uleb128 0x1
 828 033c 50       		.byte	0x50
 829 033d 05       		.uleb128 0x5
 830 033e 0C       		.byte	0xc
 831 033f B0430040 		.4byte	0x400043b0
 832 0343 00       		.byte	0
 833 0344 00       		.byte	0
 834 0345 1F       		.uleb128 0x1f
 835 0346 DE000000 		.4byte	.LASF37
 836 034a 7D000000 		.4byte	0x7d
 837 034e 62030000 		.4byte	0x362
 838 0352 20       		.uleb128 0x20
 839 0353 7D000000 		.4byte	0x7d
 840 0357 20       		.uleb128 0x20
 841 0358 25000000 		.4byte	0x25
 842 035c 20       		.uleb128 0x20
 843 035d 76000000 		.4byte	0x76
ARM GAS  C:\Users\Joe\AppData\Local\Temp\ccE1ZGHF.s 			page 22


 844 0361 00       		.byte	0
 845 0362 21       		.uleb128 0x21
 846 0363 06000000 		.4byte	.LASF38
 847 0367 04       		.byte	0x4
 848 0368 7A       		.byte	0x7a
 849 0369 73030000 		.4byte	0x373
 850 036d 20       		.uleb128 0x20
 851 036e 9E000000 		.4byte	0x9e
 852 0372 00       		.byte	0
 853 0373 22       		.uleb128 0x22
 854 0374 EF010000 		.4byte	.LASF42
 855 0378 7D000000 		.4byte	0x7d
 856 037c 20       		.uleb128 0x20
 857 037d 7D000000 		.4byte	0x7d
 858 0381 20       		.uleb128 0x20
 859 0382 27020000 		.4byte	0x227
 860 0386 20       		.uleb128 0x20
 861 0387 76000000 		.4byte	0x76
 862 038b 00       		.byte	0
 863 038c 00       		.byte	0
 864              		.section	.debug_abbrev,"",%progbits
 865              	.Ldebug_abbrev0:
 866 0000 01       		.uleb128 0x1
 867 0001 11       		.uleb128 0x11
 868 0002 01       		.byte	0x1
 869 0003 25       		.uleb128 0x25
 870 0004 0E       		.uleb128 0xe
 871 0005 13       		.uleb128 0x13
 872 0006 0B       		.uleb128 0xb
 873 0007 03       		.uleb128 0x3
 874 0008 0E       		.uleb128 0xe
 875 0009 1B       		.uleb128 0x1b
 876 000a 0E       		.uleb128 0xe
 877 000b 55       		.uleb128 0x55
 878 000c 17       		.uleb128 0x17
 879 000d 11       		.uleb128 0x11
 880 000e 01       		.uleb128 0x1
 881 000f 10       		.uleb128 0x10
 882 0010 17       		.uleb128 0x17
 883 0011 00       		.byte	0
 884 0012 00       		.byte	0
 885 0013 02       		.uleb128 0x2
 886 0014 24       		.uleb128 0x24
 887 0015 00       		.byte	0
 888 0016 0B       		.uleb128 0xb
 889 0017 0B       		.uleb128 0xb
 890 0018 3E       		.uleb128 0x3e
 891 0019 0B       		.uleb128 0xb
 892 001a 03       		.uleb128 0x3
 893 001b 08       		.uleb128 0x8
 894 001c 00       		.byte	0
 895 001d 00       		.byte	0
 896 001e 03       		.uleb128 0x3
 897 001f 16       		.uleb128 0x16
 898 0020 00       		.byte	0
 899 0021 03       		.uleb128 0x3
 900 0022 0E       		.uleb128 0xe
ARM GAS  C:\Users\Joe\AppData\Local\Temp\ccE1ZGHF.s 			page 23


 901 0023 3A       		.uleb128 0x3a
 902 0024 0B       		.uleb128 0xb
 903 0025 3B       		.uleb128 0x3b
 904 0026 0B       		.uleb128 0xb
 905 0027 49       		.uleb128 0x49
 906 0028 13       		.uleb128 0x13
 907 0029 00       		.byte	0
 908 002a 00       		.byte	0
 909 002b 04       		.uleb128 0x4
 910 002c 24       		.uleb128 0x24
 911 002d 00       		.byte	0
 912 002e 0B       		.uleb128 0xb
 913 002f 0B       		.uleb128 0xb
 914 0030 3E       		.uleb128 0x3e
 915 0031 0B       		.uleb128 0xb
 916 0032 03       		.uleb128 0x3
 917 0033 0E       		.uleb128 0xe
 918 0034 00       		.byte	0
 919 0035 00       		.byte	0
 920 0036 05       		.uleb128 0x5
 921 0037 0F       		.uleb128 0xf
 922 0038 00       		.byte	0
 923 0039 0B       		.uleb128 0xb
 924 003a 0B       		.uleb128 0xb
 925 003b 00       		.byte	0
 926 003c 00       		.byte	0
 927 003d 06       		.uleb128 0x6
 928 003e 16       		.uleb128 0x16
 929 003f 00       		.byte	0
 930 0040 03       		.uleb128 0x3
 931 0041 0E       		.uleb128 0xe
 932 0042 3A       		.uleb128 0x3a
 933 0043 0B       		.uleb128 0xb
 934 0044 3B       		.uleb128 0x3b
 935 0045 05       		.uleb128 0x5
 936 0046 49       		.uleb128 0x49
 937 0047 13       		.uleb128 0x13
 938 0048 00       		.byte	0
 939 0049 00       		.byte	0
 940 004a 07       		.uleb128 0x7
 941 004b 35       		.uleb128 0x35
 942 004c 00       		.byte	0
 943 004d 49       		.uleb128 0x49
 944 004e 13       		.uleb128 0x13
 945 004f 00       		.byte	0
 946 0050 00       		.byte	0
 947 0051 08       		.uleb128 0x8
 948 0052 2E       		.uleb128 0x2e
 949 0053 01       		.byte	0x1
 950 0054 03       		.uleb128 0x3
 951 0055 0E       		.uleb128 0xe
 952 0056 3A       		.uleb128 0x3a
 953 0057 0B       		.uleb128 0xb
 954 0058 3B       		.uleb128 0x3b
 955 0059 0B       		.uleb128 0xb
 956 005a 27       		.uleb128 0x27
 957 005b 19       		.uleb128 0x19
ARM GAS  C:\Users\Joe\AppData\Local\Temp\ccE1ZGHF.s 			page 24


 958 005c 11       		.uleb128 0x11
 959 005d 01       		.uleb128 0x1
 960 005e 12       		.uleb128 0x12
 961 005f 06       		.uleb128 0x6
 962 0060 40       		.uleb128 0x40
 963 0061 18       		.uleb128 0x18
 964 0062 9742     		.uleb128 0x2117
 965 0064 19       		.uleb128 0x19
 966 0065 01       		.uleb128 0x1
 967 0066 13       		.uleb128 0x13
 968 0067 00       		.byte	0
 969 0068 00       		.byte	0
 970 0069 09       		.uleb128 0x9
 971 006a 05       		.uleb128 0x5
 972 006b 00       		.byte	0
 973 006c 03       		.uleb128 0x3
 974 006d 0E       		.uleb128 0xe
 975 006e 3A       		.uleb128 0x3a
 976 006f 0B       		.uleb128 0xb
 977 0070 3B       		.uleb128 0x3b
 978 0071 0B       		.uleb128 0xb
 979 0072 49       		.uleb128 0x49
 980 0073 13       		.uleb128 0x13
 981 0074 02       		.uleb128 0x2
 982 0075 18       		.uleb128 0x18
 983 0076 00       		.byte	0
 984 0077 00       		.byte	0
 985 0078 0A       		.uleb128 0xa
 986 0079 34       		.uleb128 0x34
 987 007a 00       		.byte	0
 988 007b 03       		.uleb128 0x3
 989 007c 0E       		.uleb128 0xe
 990 007d 3A       		.uleb128 0x3a
 991 007e 0B       		.uleb128 0xb
 992 007f 3B       		.uleb128 0x3b
 993 0080 0B       		.uleb128 0xb
 994 0081 49       		.uleb128 0x49
 995 0082 13       		.uleb128 0x13
 996 0083 02       		.uleb128 0x2
 997 0084 17       		.uleb128 0x17
 998 0085 00       		.byte	0
 999 0086 00       		.byte	0
 1000 0087 0B       		.uleb128 0xb
 1001 0088 05       		.uleb128 0x5
 1002 0089 00       		.byte	0
 1003 008a 03       		.uleb128 0x3
 1004 008b 08       		.uleb128 0x8
 1005 008c 3A       		.uleb128 0x3a
 1006 008d 0B       		.uleb128 0xb
 1007 008e 3B       		.uleb128 0x3b
 1008 008f 0B       		.uleb128 0xb
 1009 0090 49       		.uleb128 0x49
 1010 0091 13       		.uleb128 0x13
 1011 0092 02       		.uleb128 0x2
 1012 0093 17       		.uleb128 0x17
 1013 0094 00       		.byte	0
 1014 0095 00       		.byte	0
ARM GAS  C:\Users\Joe\AppData\Local\Temp\ccE1ZGHF.s 			page 25


 1015 0096 0C       		.uleb128 0xc
 1016 0097 898201   		.uleb128 0x4109
 1017 009a 01       		.byte	0x1
 1018 009b 11       		.uleb128 0x11
 1019 009c 01       		.uleb128 0x1
 1020 009d 31       		.uleb128 0x31
 1021 009e 13       		.uleb128 0x13
 1022 009f 00       		.byte	0
 1023 00a0 00       		.byte	0
 1024 00a1 0D       		.uleb128 0xd
 1025 00a2 8A8201   		.uleb128 0x410a
 1026 00a5 00       		.byte	0
 1027 00a6 02       		.uleb128 0x2
 1028 00a7 18       		.uleb128 0x18
 1029 00a8 9142     		.uleb128 0x2111
 1030 00aa 18       		.uleb128 0x18
 1031 00ab 00       		.byte	0
 1032 00ac 00       		.byte	0
 1033 00ad 0E       		.uleb128 0xe
 1034 00ae 898201   		.uleb128 0x4109
 1035 00b1 01       		.byte	0x1
 1036 00b2 11       		.uleb128 0x11
 1037 00b3 01       		.uleb128 0x1
 1038 00b4 31       		.uleb128 0x31
 1039 00b5 13       		.uleb128 0x13
 1040 00b6 01       		.uleb128 0x1
 1041 00b7 13       		.uleb128 0x13
 1042 00b8 00       		.byte	0
 1043 00b9 00       		.byte	0
 1044 00ba 0F       		.uleb128 0xf
 1045 00bb 05       		.uleb128 0x5
 1046 00bc 00       		.byte	0
 1047 00bd 03       		.uleb128 0x3
 1048 00be 0E       		.uleb128 0xe
 1049 00bf 3A       		.uleb128 0x3a
 1050 00c0 0B       		.uleb128 0xb
 1051 00c1 3B       		.uleb128 0x3b
 1052 00c2 0B       		.uleb128 0xb
 1053 00c3 49       		.uleb128 0x49
 1054 00c4 13       		.uleb128 0x13
 1055 00c5 02       		.uleb128 0x2
 1056 00c6 17       		.uleb128 0x17
 1057 00c7 00       		.byte	0
 1058 00c8 00       		.byte	0
 1059 00c9 10       		.uleb128 0x10
 1060 00ca 0F       		.uleb128 0xf
 1061 00cb 00       		.byte	0
 1062 00cc 0B       		.uleb128 0xb
 1063 00cd 0B       		.uleb128 0xb
 1064 00ce 49       		.uleb128 0x49
 1065 00cf 13       		.uleb128 0x13
 1066 00d0 00       		.byte	0
 1067 00d1 00       		.byte	0
 1068 00d2 11       		.uleb128 0x11
 1069 00d3 26       		.uleb128 0x26
 1070 00d4 00       		.byte	0
 1071 00d5 00       		.byte	0
ARM GAS  C:\Users\Joe\AppData\Local\Temp\ccE1ZGHF.s 			page 26


 1072 00d6 00       		.byte	0
 1073 00d7 12       		.uleb128 0x12
 1074 00d8 2E       		.uleb128 0x2e
 1075 00d9 01       		.byte	0x1
 1076 00da 3F       		.uleb128 0x3f
 1077 00db 19       		.uleb128 0x19
 1078 00dc 03       		.uleb128 0x3
 1079 00dd 0E       		.uleb128 0xe
 1080 00de 3A       		.uleb128 0x3a
 1081 00df 0B       		.uleb128 0xb
 1082 00e0 3B       		.uleb128 0x3b
 1083 00e1 0B       		.uleb128 0xb
 1084 00e2 27       		.uleb128 0x27
 1085 00e3 19       		.uleb128 0x19
 1086 00e4 11       		.uleb128 0x11
 1087 00e5 01       		.uleb128 0x1
 1088 00e6 12       		.uleb128 0x12
 1089 00e7 06       		.uleb128 0x6
 1090 00e8 40       		.uleb128 0x40
 1091 00e9 18       		.uleb128 0x18
 1092 00ea 9742     		.uleb128 0x2117
 1093 00ec 19       		.uleb128 0x19
 1094 00ed 01       		.uleb128 0x1
 1095 00ee 13       		.uleb128 0x13
 1096 00ef 00       		.byte	0
 1097 00f0 00       		.byte	0
 1098 00f1 13       		.uleb128 0x13
 1099 00f2 34       		.uleb128 0x34
 1100 00f3 00       		.byte	0
 1101 00f4 03       		.uleb128 0x3
 1102 00f5 0E       		.uleb128 0xe
 1103 00f6 3A       		.uleb128 0x3a
 1104 00f7 0B       		.uleb128 0xb
 1105 00f8 3B       		.uleb128 0x3b
 1106 00f9 0B       		.uleb128 0xb
 1107 00fa 49       		.uleb128 0x49
 1108 00fb 13       		.uleb128 0x13
 1109 00fc 02       		.uleb128 0x2
 1110 00fd 18       		.uleb128 0x18
 1111 00fe 00       		.byte	0
 1112 00ff 00       		.byte	0
 1113 0100 14       		.uleb128 0x14
 1114 0101 2E       		.uleb128 0x2e
 1115 0102 01       		.byte	0x1
 1116 0103 3F       		.uleb128 0x3f
 1117 0104 19       		.uleb128 0x19
 1118 0105 03       		.uleb128 0x3
 1119 0106 0E       		.uleb128 0xe
 1120 0107 3A       		.uleb128 0x3a
 1121 0108 0B       		.uleb128 0xb
 1122 0109 3B       		.uleb128 0x3b
 1123 010a 05       		.uleb128 0x5
 1124 010b 27       		.uleb128 0x27
 1125 010c 19       		.uleb128 0x19
 1126 010d 11       		.uleb128 0x11
 1127 010e 01       		.uleb128 0x1
 1128 010f 12       		.uleb128 0x12
ARM GAS  C:\Users\Joe\AppData\Local\Temp\ccE1ZGHF.s 			page 27


 1129 0110 06       		.uleb128 0x6
 1130 0111 40       		.uleb128 0x40
 1131 0112 18       		.uleb128 0x18
 1132 0113 9742     		.uleb128 0x2117
 1133 0115 19       		.uleb128 0x19
 1134 0116 01       		.uleb128 0x1
 1135 0117 13       		.uleb128 0x13
 1136 0118 00       		.byte	0
 1137 0119 00       		.byte	0
 1138 011a 15       		.uleb128 0x15
 1139 011b 0B       		.uleb128 0xb
 1140 011c 01       		.byte	0x1
 1141 011d 11       		.uleb128 0x11
 1142 011e 01       		.uleb128 0x1
 1143 011f 12       		.uleb128 0x12
 1144 0120 06       		.uleb128 0x6
 1145 0121 01       		.uleb128 0x1
 1146 0122 13       		.uleb128 0x13
 1147 0123 00       		.byte	0
 1148 0124 00       		.byte	0
 1149 0125 16       		.uleb128 0x16
 1150 0126 13       		.uleb128 0x13
 1151 0127 01       		.byte	0x1
 1152 0128 0B       		.uleb128 0xb
 1153 0129 0B       		.uleb128 0xb
 1154 012a 3A       		.uleb128 0x3a
 1155 012b 0B       		.uleb128 0xb
 1156 012c 3B       		.uleb128 0x3b
 1157 012d 05       		.uleb128 0x5
 1158 012e 01       		.uleb128 0x1
 1159 012f 13       		.uleb128 0x13
 1160 0130 00       		.byte	0
 1161 0131 00       		.byte	0
 1162 0132 17       		.uleb128 0x17
 1163 0133 0D       		.uleb128 0xd
 1164 0134 00       		.byte	0
 1165 0135 03       		.uleb128 0x3
 1166 0136 0E       		.uleb128 0xe
 1167 0137 3A       		.uleb128 0x3a
 1168 0138 0B       		.uleb128 0xb
 1169 0139 3B       		.uleb128 0x3b
 1170 013a 05       		.uleb128 0x5
 1171 013b 49       		.uleb128 0x49
 1172 013c 13       		.uleb128 0x13
 1173 013d 38       		.uleb128 0x38
 1174 013e 0B       		.uleb128 0xb
 1175 013f 00       		.byte	0
 1176 0140 00       		.byte	0
 1177 0141 18       		.uleb128 0x18
 1178 0142 01       		.uleb128 0x1
 1179 0143 01       		.byte	0x1
 1180 0144 49       		.uleb128 0x49
 1181 0145 13       		.uleb128 0x13
 1182 0146 01       		.uleb128 0x1
 1183 0147 13       		.uleb128 0x13
 1184 0148 00       		.byte	0
 1185 0149 00       		.byte	0
ARM GAS  C:\Users\Joe\AppData\Local\Temp\ccE1ZGHF.s 			page 28


 1186 014a 19       		.uleb128 0x19
 1187 014b 21       		.uleb128 0x21
 1188 014c 00       		.byte	0
 1189 014d 49       		.uleb128 0x49
 1190 014e 13       		.uleb128 0x13
 1191 014f 2F       		.uleb128 0x2f
 1192 0150 0B       		.uleb128 0xb
 1193 0151 00       		.byte	0
 1194 0152 00       		.byte	0
 1195 0153 1A       		.uleb128 0x1a
 1196 0154 34       		.uleb128 0x34
 1197 0155 00       		.byte	0
 1198 0156 03       		.uleb128 0x3
 1199 0157 0E       		.uleb128 0xe
 1200 0158 3A       		.uleb128 0x3a
 1201 0159 0B       		.uleb128 0xb
 1202 015a 3B       		.uleb128 0x3b
 1203 015b 05       		.uleb128 0x5
 1204 015c 49       		.uleb128 0x49
 1205 015d 13       		.uleb128 0x13
 1206 015e 02       		.uleb128 0x2
 1207 015f 18       		.uleb128 0x18
 1208 0160 00       		.byte	0
 1209 0161 00       		.byte	0
 1210 0162 1B       		.uleb128 0x1b
 1211 0163 26       		.uleb128 0x26
 1212 0164 00       		.byte	0
 1213 0165 49       		.uleb128 0x49
 1214 0166 13       		.uleb128 0x13
 1215 0167 00       		.byte	0
 1216 0168 00       		.byte	0
 1217 0169 1C       		.uleb128 0x1c
 1218 016a 34       		.uleb128 0x34
 1219 016b 00       		.byte	0
 1220 016c 03       		.uleb128 0x3
 1221 016d 08       		.uleb128 0x8
 1222 016e 3A       		.uleb128 0x3a
 1223 016f 0B       		.uleb128 0xb
 1224 0170 3B       		.uleb128 0x3b
 1225 0171 05       		.uleb128 0x5
 1226 0172 49       		.uleb128 0x49
 1227 0173 13       		.uleb128 0x13
 1228 0174 02       		.uleb128 0x2
 1229 0175 17       		.uleb128 0x17
 1230 0176 00       		.byte	0
 1231 0177 00       		.byte	0
 1232 0178 1D       		.uleb128 0x1d
 1233 0179 0B       		.uleb128 0xb
 1234 017a 01       		.byte	0x1
 1235 017b 11       		.uleb128 0x11
 1236 017c 01       		.uleb128 0x1
 1237 017d 12       		.uleb128 0x12
 1238 017e 06       		.uleb128 0x6
 1239 017f 00       		.byte	0
 1240 0180 00       		.byte	0
 1241 0181 1E       		.uleb128 0x1e
 1242 0182 898201   		.uleb128 0x4109
ARM GAS  C:\Users\Joe\AppData\Local\Temp\ccE1ZGHF.s 			page 29


 1243 0185 00       		.byte	0
 1244 0186 11       		.uleb128 0x11
 1245 0187 01       		.uleb128 0x1
 1246 0188 31       		.uleb128 0x31
 1247 0189 13       		.uleb128 0x13
 1248 018a 00       		.byte	0
 1249 018b 00       		.byte	0
 1250 018c 1F       		.uleb128 0x1f
 1251 018d 2E       		.uleb128 0x2e
 1252 018e 01       		.byte	0x1
 1253 018f 3F       		.uleb128 0x3f
 1254 0190 19       		.uleb128 0x19
 1255 0191 03       		.uleb128 0x3
 1256 0192 0E       		.uleb128 0xe
 1257 0193 27       		.uleb128 0x27
 1258 0194 19       		.uleb128 0x19
 1259 0195 49       		.uleb128 0x49
 1260 0196 13       		.uleb128 0x13
 1261 0197 34       		.uleb128 0x34
 1262 0198 19       		.uleb128 0x19
 1263 0199 3C       		.uleb128 0x3c
 1264 019a 19       		.uleb128 0x19
 1265 019b 01       		.uleb128 0x1
 1266 019c 13       		.uleb128 0x13
 1267 019d 00       		.byte	0
 1268 019e 00       		.byte	0
 1269 019f 20       		.uleb128 0x20
 1270 01a0 05       		.uleb128 0x5
 1271 01a1 00       		.byte	0
 1272 01a2 49       		.uleb128 0x49
 1273 01a3 13       		.uleb128 0x13
 1274 01a4 00       		.byte	0
 1275 01a5 00       		.byte	0
 1276 01a6 21       		.uleb128 0x21
 1277 01a7 2E       		.uleb128 0x2e
 1278 01a8 01       		.byte	0x1
 1279 01a9 3F       		.uleb128 0x3f
 1280 01aa 19       		.uleb128 0x19
 1281 01ab 03       		.uleb128 0x3
 1282 01ac 0E       		.uleb128 0xe
 1283 01ad 3A       		.uleb128 0x3a
 1284 01ae 0B       		.uleb128 0xb
 1285 01af 3B       		.uleb128 0x3b
 1286 01b0 0B       		.uleb128 0xb
 1287 01b1 27       		.uleb128 0x27
 1288 01b2 19       		.uleb128 0x19
 1289 01b3 3C       		.uleb128 0x3c
 1290 01b4 19       		.uleb128 0x19
 1291 01b5 01       		.uleb128 0x1
 1292 01b6 13       		.uleb128 0x13
 1293 01b7 00       		.byte	0
 1294 01b8 00       		.byte	0
 1295 01b9 22       		.uleb128 0x22
 1296 01ba 2E       		.uleb128 0x2e
 1297 01bb 01       		.byte	0x1
 1298 01bc 3F       		.uleb128 0x3f
 1299 01bd 19       		.uleb128 0x19
ARM GAS  C:\Users\Joe\AppData\Local\Temp\ccE1ZGHF.s 			page 30


 1300 01be 03       		.uleb128 0x3
 1301 01bf 0E       		.uleb128 0xe
 1302 01c0 27       		.uleb128 0x27
 1303 01c1 19       		.uleb128 0x19
 1304 01c2 49       		.uleb128 0x49
 1305 01c3 13       		.uleb128 0x13
 1306 01c4 34       		.uleb128 0x34
 1307 01c5 19       		.uleb128 0x19
 1308 01c6 3C       		.uleb128 0x3c
 1309 01c7 19       		.uleb128 0x19
 1310 01c8 00       		.byte	0
 1311 01c9 00       		.byte	0
 1312 01ca 00       		.byte	0
 1313              		.section	.debug_loc,"",%progbits
 1314              	.Ldebug_loc0:
 1315              	.LLST0:
 1316 0000 06000000 		.4byte	.LVL1
 1317 0004 10000000 		.4byte	.LVL2
 1318 0008 0100     		.2byte	0x1
 1319 000a 53       		.byte	0x53
 1320 000b 00000000 		.4byte	0
 1321 000f 00000000 		.4byte	0
 1322              	.LLST1:
 1323 0013 00000000 		.4byte	.LVL3
 1324 0017 09000000 		.4byte	.LVL5-1
 1325 001b 0100     		.2byte	0x1
 1326 001d 50       		.byte	0x50
 1327 001e 09000000 		.4byte	.LVL5-1
 1328 0022 0C000000 		.4byte	.LFE0
 1329 0026 0400     		.2byte	0x4
 1330 0028 F3       		.byte	0xf3
 1331 0029 01       		.uleb128 0x1
 1332 002a 50       		.byte	0x50
 1333 002b 9F       		.byte	0x9f
 1334 002c 00000000 		.4byte	0
 1335 0030 00000000 		.4byte	0
 1336              	.LLST2:
 1337 0034 00000000 		.4byte	.LVL3
 1338 0038 06000000 		.4byte	.LVL4
 1339 003c 0100     		.2byte	0x1
 1340 003e 51       		.byte	0x51
 1341 003f 06000000 		.4byte	.LVL4
 1342 0043 09000000 		.4byte	.LVL5-1
 1343 0047 0100     		.2byte	0x1
 1344 0049 52       		.byte	0x52
 1345 004a 09000000 		.4byte	.LVL5-1
 1346 004e 0C000000 		.4byte	.LFE0
 1347 0052 0400     		.2byte	0x4
 1348 0054 F3       		.byte	0xf3
 1349 0055 01       		.uleb128 0x1
 1350 0056 51       		.byte	0x51
 1351 0057 9F       		.byte	0x9f
 1352 0058 00000000 		.4byte	0
 1353 005c 00000000 		.4byte	0
 1354              	.LLST3:
 1355 0060 2E000000 		.4byte	.LVL6
 1356 0064 34000000 		.4byte	.LVL7
ARM GAS  C:\Users\Joe\AppData\Local\Temp\ccE1ZGHF.s 			page 31


 1357 0068 0200     		.2byte	0x2
 1358 006a 49       		.byte	0x49
 1359 006b 9F       		.byte	0x9f
 1360 006c 34000000 		.4byte	.LVL7
 1361 0070 7E000000 		.4byte	.LVL13
 1362 0074 0100     		.2byte	0x1
 1363 0076 55       		.byte	0x55
 1364 0077 00000000 		.4byte	0
 1365 007b 00000000 		.4byte	0
 1366              	.LLST4:
 1367 007f 2E000000 		.4byte	.LVL6
 1368 0083 34000000 		.4byte	.LVL7
 1369 0087 0200     		.2byte	0x2
 1370 0089 30       		.byte	0x30
 1371 008a 9F       		.byte	0x9f
 1372 008b 34000000 		.4byte	.LVL7
 1373 008f 40000000 		.4byte	.LVL8
 1374 0093 0100     		.2byte	0x1
 1375 0095 54       		.byte	0x54
 1376 0096 44000000 		.4byte	.LVL9
 1377 009a 7E000000 		.4byte	.LVL13
 1378 009e 0100     		.2byte	0x1
 1379 00a0 54       		.byte	0x54
 1380 00a1 00000000 		.4byte	0
 1381 00a5 00000000 		.4byte	0
 1382              	.LLST5:
 1383 00a9 00000000 		.4byte	.LVL14
 1384 00ad 05000000 		.4byte	.LVL15-1
 1385 00b1 0100     		.2byte	0x1
 1386 00b3 50       		.byte	0x50
 1387 00b4 05000000 		.4byte	.LVL15-1
 1388 00b8 08000000 		.4byte	.LFE1
 1389 00bc 0400     		.2byte	0x4
 1390 00be F3       		.byte	0xf3
 1391 00bf 01       		.uleb128 0x1
 1392 00c0 50       		.byte	0x50
 1393 00c1 9F       		.byte	0x9f
 1394 00c2 00000000 		.4byte	0
 1395 00c6 00000000 		.4byte	0
 1396              	.LLST6:
 1397 00ca 00000000 		.4byte	.LVL14
 1398 00ce 05000000 		.4byte	.LVL15-1
 1399 00d2 0100     		.2byte	0x1
 1400 00d4 51       		.byte	0x51
 1401 00d5 05000000 		.4byte	.LVL15-1
 1402 00d9 08000000 		.4byte	.LFE1
 1403 00dd 0400     		.2byte	0x4
 1404 00df F3       		.byte	0xf3
 1405 00e0 01       		.uleb128 0x1
 1406 00e1 51       		.byte	0x51
 1407 00e2 9F       		.byte	0x9f
 1408 00e3 00000000 		.4byte	0
 1409 00e7 00000000 		.4byte	0
 1410              	.LLST7:
 1411 00eb 00000000 		.4byte	.LVL14
 1412 00ef 05000000 		.4byte	.LVL15-1
 1413 00f3 0100     		.2byte	0x1
ARM GAS  C:\Users\Joe\AppData\Local\Temp\ccE1ZGHF.s 			page 32


 1414 00f5 52       		.byte	0x52
 1415 00f6 05000000 		.4byte	.LVL15-1
 1416 00fa 08000000 		.4byte	.LFE1
 1417 00fe 0400     		.2byte	0x4
 1418 0100 F3       		.byte	0xf3
 1419 0101 01       		.uleb128 0x1
 1420 0102 52       		.byte	0x52
 1421 0103 9F       		.byte	0x9f
 1422 0104 00000000 		.4byte	0
 1423 0108 00000000 		.4byte	0
 1424              	.LLST8:
 1425 010c 0E000000 		.4byte	.LVL18
 1426 0110 12000000 		.4byte	.LVL19
 1427 0114 0200     		.2byte	0x2
 1428 0116 30       		.byte	0x30
 1429 0117 9F       		.byte	0x9f
 1430 0118 12000000 		.4byte	.LVL19
 1431 011c 2A000000 		.4byte	.LVL21
 1432 0120 0100     		.2byte	0x1
 1433 0122 54       		.byte	0x54
 1434 0123 2C000000 		.4byte	.LVL22
 1435 0127 46000000 		.4byte	.LVL23
 1436 012b 0100     		.2byte	0x1
 1437 012d 54       		.byte	0x54
 1438 012e 00000000 		.4byte	0
 1439 0132 00000000 		.4byte	0
 1440              	.LLST9:
 1441 0136 12000000 		.4byte	.LVL19
 1442 013a 2A000000 		.4byte	.LVL21
 1443 013e 0B00     		.2byte	0xb
 1444 0140 74       		.byte	0x74
 1445 0141 00       		.sleb128 0
 1446 0142 36       		.byte	0x36
 1447 0143 1E       		.byte	0x1e
 1448 0144 03       		.byte	0x3
 1449 0145 00000000 		.4byte	cfg_memset_list.4859
 1450 0149 22       		.byte	0x22
 1451 014a 9F       		.byte	0x9f
 1452 014b 2A000000 		.4byte	.LVL21
 1453 014f 2C000000 		.4byte	.LVL22
 1454 0153 0B00     		.2byte	0xb
 1455 0155 74       		.byte	0x74
 1456 0156 7F       		.sleb128 -1
 1457 0157 36       		.byte	0x36
 1458 0158 1E       		.byte	0x1e
 1459 0159 03       		.byte	0x3
 1460 015a 00000000 		.4byte	cfg_memset_list.4859
 1461 015e 22       		.byte	0x22
 1462 015f 9F       		.byte	0x9f
 1463 0160 00000000 		.4byte	0
 1464 0164 00000000 		.4byte	0
 1465              		.section	.debug_aranges,"",%progbits
 1466 0000 4C000000 		.4byte	0x4c
 1467 0004 0200     		.2byte	0x2
 1468 0006 00000000 		.4byte	.Ldebug_info0
 1469 000a 04       		.byte	0x4
 1470 000b 00       		.byte	0
ARM GAS  C:\Users\Joe\AppData\Local\Temp\ccE1ZGHF.s 			page 33


 1471 000c 0000     		.2byte	0
 1472 000e 0000     		.2byte	0
 1473 0010 00000000 		.4byte	.LFB3
 1474 0014 02000000 		.4byte	.LFE3-.LFB3
 1475 0018 00000000 		.4byte	.LFB5
 1476 001c 28000000 		.4byte	.LFE5-.LFB5
 1477 0020 00000000 		.4byte	.LFB0
 1478 0024 0C000000 		.4byte	.LFE0-.LFB0
 1479 0028 00000000 		.4byte	.LFB4
 1480 002c 9C000000 		.4byte	.LFE4-.LFB4
 1481 0030 00000000 		.4byte	.LFB1
 1482 0034 08000000 		.4byte	.LFE1-.LFB1
 1483 0038 00000000 		.4byte	.LFB6
 1484 003c 10000000 		.4byte	.LFE6-.LFB6
 1485 0040 00000000 		.4byte	.LFB7
 1486 0044 A4000000 		.4byte	.LFE7-.LFB7
 1487 0048 00000000 		.4byte	0
 1488 004c 00000000 		.4byte	0
 1489              		.section	.debug_ranges,"",%progbits
 1490              	.Ldebug_ranges0:
 1491 0000 00000000 		.4byte	.LFB3
 1492 0004 02000000 		.4byte	.LFE3
 1493 0008 00000000 		.4byte	.LFB5
 1494 000c 28000000 		.4byte	.LFE5
 1495 0010 00000000 		.4byte	.LFB0
 1496 0014 0C000000 		.4byte	.LFE0
 1497 0018 00000000 		.4byte	.LFB4
 1498 001c 9C000000 		.4byte	.LFE4
 1499 0020 00000000 		.4byte	.LFB1
 1500 0024 08000000 		.4byte	.LFE1
 1501 0028 00000000 		.4byte	.LFB6
 1502 002c 10000000 		.4byte	.LFE6
 1503 0030 00000000 		.4byte	.LFB7
 1504 0034 A4000000 		.4byte	.LFE7
 1505 0038 00000000 		.4byte	0
 1506 003c 00000000 		.4byte	0
 1507              		.section	.debug_line,"",%progbits
 1508              	.Ldebug_line0:
 1509 0000 AA010000 		.section	.debug_str,"MS",%progbits,1
 1509      0200D800 
 1509      00000201 
 1509      FB0E0D00 
 1509      01010101 
 1510              	.LASF18:
 1511 0000 72656731 		.ascii	"reg16\000"
 1511      3600
 1512              	.LASF38:
 1513 0006 43794465 		.ascii	"CyDelayCycles\000"
 1513      6C617943 
 1513      79636C65 
 1513      7300
 1514              	.LASF10:
 1515 0014 63686172 		.ascii	"char\000"
 1515      00
 1516              	.LASF11:
 1517 0019 73697A65 		.ascii	"size_t\000"
 1517      5F7400
ARM GAS  C:\Users\Joe\AppData\Local\Temp\ccE1ZGHF.s 			page 34


 1518              	.LASF20:
 1519 0020 416E616C 		.ascii	"AnalogSetDefault\000"
 1519      6F675365 
 1519      74446566 
 1519      61756C74 
 1519      00
 1520              	.LASF25:
 1521 0031 74696D65 		.ascii	"timeout\000"
 1521      6F757400 
 1522              	.LASF36:
 1523 0039 6366675F 		.ascii	"cfg_memset_list\000"
 1523      6D656D73 
 1523      65745F6C 
 1523      69737400 
 1524              	.LASF23:
 1525 0049 436C6F63 		.ascii	"ClockSetup\000"
 1525      6B536574 
 1525      757000
 1526              	.LASF4:
 1527 0054 73686F72 		.ascii	"short unsigned int\000"
 1527      7420756E 
 1527      7369676E 
 1527      65642069 
 1527      6E7400
 1528              	.LASF26:
 1529 0067 706C6C4C 		.ascii	"pllLock\000"
 1529      6F636B00 
 1530              	.LASF15:
 1531 006f 666C6F61 		.ascii	"float\000"
 1531      7400
 1532              	.LASF19:
 1533 0075 4379436C 		.ascii	"CyClockStartupError\000"
 1533      6F636B53 
 1533      74617274 
 1533      75704572 
 1533      726F7200 
 1534              	.LASF28:
 1535 0089 64657374 		.ascii	"dest\000"
 1535      00
 1536              	.LASF34:
 1537 008e 73697A65 		.ascii	"size\000"
 1537      00
 1538              	.LASF17:
 1539 0093 72656738 		.ascii	"reg8\000"
 1539      00
 1540              	.LASF6:
 1541 0098 6C6F6E67 		.ascii	"long unsigned int\000"
 1541      20756E73 
 1541      69676E65 
 1541      6420696E 
 1541      7400
 1542              	.LASF12:
 1543 00aa 75696E74 		.ascii	"uint8\000"
 1543      3800
 1544              	.LASF21:
 1545 00b0 43594D45 		.ascii	"CYMEMZERO\000"
 1545      4D5A4552 
ARM GAS  C:\Users\Joe\AppData\Local\Temp\ccE1ZGHF.s 			page 35


 1545      4F00
 1546              	.LASF31:
 1547 00ba 53657441 		.ascii	"SetAnalogRoutingPumps\000"
 1547      6E616C6F 
 1547      67526F75 
 1547      74696E67 
 1547      50756D70 
 1548              	.LASF2:
 1549 00d0 756E7369 		.ascii	"unsigned char\000"
 1549      676E6564 
 1549      20636861 
 1549      7200
 1550              	.LASF37:
 1551 00de 6D656D73 		.ascii	"memset\000"
 1551      657400
 1552              	.LASF16:
 1553 00e5 646F7562 		.ascii	"double\000"
 1553      6C6500
 1554              	.LASF32:
 1555 00ec 63796669 		.ascii	"cyfitter_cfg\000"
 1555      74746572 
 1555      5F636667 
 1555      00
 1556              	.LASF13:
 1557 00f9 75696E74 		.ascii	"uint16\000"
 1557      313600
 1558              	.LASF22:
 1559 0100 6572726F 		.ascii	"errorCode\000"
 1559      72436F64 
 1559      6500
 1560              	.LASF14:
 1561 010a 75696E74 		.ascii	"uint32\000"
 1561      333200
 1562              	.LASF39:
 1563 0111 474E5520 		.ascii	"GNU C 4.9.3 20150303 (release) [ARM/embedded-4_9-br"
 1563      4320342E 
 1563      392E3320 
 1563      32303135 
 1563      30333033 
 1564 0144 616E6368 		.ascii	"anch revision 221220] -mcpu=cortex-m3 -mthumb -g -O"
 1564      20726576 
 1564      6973696F 
 1564      6E203232 
 1564      31323230 
 1565 0177 67202D66 		.ascii	"g -ffunction-sections -ffat-lto-objects\000"
 1565      66756E63 
 1565      74696F6E 
 1565      2D736563 
 1565      74696F6E 
 1566              	.LASF0:
 1567 019f 756E7369 		.ascii	"unsigned int\000"
 1567      676E6564 
 1567      20696E74 
 1567      00
 1568              	.LASF33:
 1569 01ac 61646472 		.ascii	"address\000"
 1569      65737300 
ARM GAS  C:\Users\Joe\AppData\Local\Temp\ccE1ZGHF.s 			page 36


 1570              	.LASF8:
 1571 01b4 6C6F6E67 		.ascii	"long long unsigned int\000"
 1571      206C6F6E 
 1571      6720756E 
 1571      7369676E 
 1571      65642069 
 1572              	.LASF35:
 1573 01cb 6366675F 		.ascii	"cfg_memset_t\000"
 1573      6D656D73 
 1573      65745F74 
 1573      00
 1574              	.LASF9:
 1575 01d8 73697A65 		.ascii	"sizetype\000"
 1575      74797065 
 1575      00
 1576              	.LASF7:
 1577 01e1 6C6F6E67 		.ascii	"long long int\000"
 1577      206C6F6E 
 1577      6720696E 
 1577      7400
 1578              	.LASF42:
 1579 01ef 6D656D63 		.ascii	"memcpy\000"
 1579      707900
 1580              	.LASF3:
 1581 01f6 73686F72 		.ascii	"short int\000"
 1581      7420696E 
 1581      7400
 1582              	.LASF40:
 1583 0200 2E5C4765 		.ascii	".\\Generated_Source\\PSoC5\\cyfitter_cfg.c\000"
 1583      6E657261 
 1583      7465645F 
 1583      536F7572 
 1583      63655C50 
 1584              	.LASF29:
 1585 0228 656E6162 		.ascii	"enabled\000"
 1585      6C656400 
 1586              	.LASF5:
 1587 0230 6C6F6E67 		.ascii	"long int\000"
 1587      20696E74 
 1587      00
 1588              	.LASF41:
 1589 0239 433A5C55 		.ascii	"C:\\Users\\Joe\\Desktop\\831_avionics\\penetrator_f"
 1589      73657273 
 1589      5C4A6F65 
 1589      5C446573 
 1589      6B746F70 
 1590 0267 73775C70 		.ascii	"sw\\penetrator_fsw.cydsn\000"
 1590      656E6574 
 1590      7261746F 
 1590      725F6673 
 1590      772E6379 
 1591              	.LASF24:
 1592 027f 62675F78 		.ascii	"bg_xover_inl_trim\000"
 1592      6F766572 
 1592      5F696E6C 
 1592      5F747269 
 1592      6D00
ARM GAS  C:\Users\Joe\AppData\Local\Temp\ccE1ZGHF.s 			page 37


 1593              	.LASF1:
 1594 0291 7369676E 		.ascii	"signed char\000"
 1594      65642063 
 1594      68617200 
 1595              	.LASF30:
 1596 029d 72656756 		.ascii	"regValue\000"
 1596      616C7565 
 1596      00
 1597              	.LASF27:
 1598 02a6 4359434F 		.ascii	"CYCONFIGCPY\000"
 1598      4E464947 
 1598      43505900 
 1599              		.ident	"GCC: (GNU Tools for ARM Embedded Processors) 4.9.3 20150303 (release) [ARM/embedded-4_9-br
